Archive member included to satisfy reference by file (symbol)

C:/PROGRA~2/Arm GNU Toolchain arm-none-eabi/13.3 rel1/bin/../lib/gcc/arm-none-eabi/13.3.1/thumb/v7-m/nofp\libg_nano.a(libc_a-exit.o)
                              C:/PROGRA~2/Arm GNU Toolchain arm-none-eabi/13.3 rel1/bin/../lib/gcc/arm-none-eabi/13.3.1/thumb/v7-m/nofp/crt0.o (exit)
C:/PROGRA~2/Arm GNU Toolchain arm-none-eabi/13.3 rel1/bin/../lib/gcc/arm-none-eabi/13.3.1/thumb/v7-m/nofp\libg_nano.a(libc_a-nano-vfprintf_float.o)
                              (_printf_float)
C:/PROGRA~2/Arm GNU Toolchain arm-none-eabi/13.3 rel1/bin/../lib/gcc/arm-none-eabi/13.3.1/thumb/v7-m/nofp\libg_nano.a(libc_a-nano-vfprintf_i.o)
                              C:/PROGRA~2/Arm GNU Toolchain arm-none-eabi/13.3 rel1/bin/../lib/gcc/arm-none-eabi/13.3.1/thumb/v7-m/nofp\libg_nano.a(libc_a-nano-vfprintf_float.o) (_printf_common)
C:/PROGRA~2/Arm GNU Toolchain arm-none-eabi/13.3 rel1/bin/../lib/gcc/arm-none-eabi/13.3.1/thumb/v7-m/nofp\libg_nano.a(libc_a-findfp.o)
                              C:/PROGRA~2/Arm GNU Toolchain arm-none-eabi/13.3 rel1/bin/../lib/gcc/arm-none-eabi/13.3.1/thumb/v7-m/nofp\libg_nano.a(libc_a-exit.o) (__stdio_exit_handler)
C:/PROGRA~2/Arm GNU Toolchain arm-none-eabi/13.3 rel1/bin/../lib/gcc/arm-none-eabi/13.3.1/thumb/v7-m/nofp\libg_nano.a(libc_a-fwalk.o)
                              C:/PROGRA~2/Arm GNU Toolchain arm-none-eabi/13.3 rel1/bin/../lib/gcc/arm-none-eabi/13.3.1/thumb/v7-m/nofp\libg_nano.a(libc_a-findfp.o) (_fwalk_sglue)
C:/PROGRA~2/Arm GNU Toolchain arm-none-eabi/13.3 rel1/bin/../lib/gcc/arm-none-eabi/13.3.1/thumb/v7-m/nofp\libg_nano.a(libc_a-printf.o)
                              CMakeFiles/STM32_BLDC_Hall.elf.dir/User_program/Timer.c.obj (printf)
C:/PROGRA~2/Arm GNU Toolchain arm-none-eabi/13.3 rel1/bin/../lib/gcc/arm-none-eabi/13.3.1/thumb/v7-m/nofp\libg_nano.a(libc_a-puts.o)
                              CMakeFiles/STM32_BLDC_Hall.elf.dir/User_program/hello_world.c.obj (puts)
C:/PROGRA~2/Arm GNU Toolchain arm-none-eabi/13.3 rel1/bin/../lib/gcc/arm-none-eabi/13.3.1/thumb/v7-m/nofp\libg_nano.a(libc_a-setvbuf.o)
                              CMakeFiles/STM32_BLDC_Hall.elf.dir/User_program/printf_uart.c.obj (setvbuf)
C:/PROGRA~2/Arm GNU Toolchain arm-none-eabi/13.3 rel1/bin/../lib/gcc/arm-none-eabi/13.3.1/thumb/v7-m/nofp\libg_nano.a(libc_a-stdio.o)
                              C:/PROGRA~2/Arm GNU Toolchain arm-none-eabi/13.3 rel1/bin/../lib/gcc/arm-none-eabi/13.3.1/thumb/v7-m/nofp\libg_nano.a(libc_a-findfp.o) (__sread)
C:/PROGRA~2/Arm GNU Toolchain arm-none-eabi/13.3 rel1/bin/../lib/gcc/arm-none-eabi/13.3.1/thumb/v7-m/nofp\libg_nano.a(libc_a-wbuf.o)
                              C:/PROGRA~2/Arm GNU Toolchain arm-none-eabi/13.3 rel1/bin/../lib/gcc/arm-none-eabi/13.3.1/thumb/v7-m/nofp\libg_nano.a(libc_a-puts.o) (__swbuf_r)
C:/PROGRA~2/Arm GNU Toolchain arm-none-eabi/13.3 rel1/bin/../lib/gcc/arm-none-eabi/13.3.1/thumb/v7-m/nofp\libg_nano.a(libc_a-wsetup.o)
                              C:/PROGRA~2/Arm GNU Toolchain arm-none-eabi/13.3 rel1/bin/../lib/gcc/arm-none-eabi/13.3.1/thumb/v7-m/nofp\libg_nano.a(libc_a-puts.o) (__swsetup_r)
C:/PROGRA~2/Arm GNU Toolchain arm-none-eabi/13.3 rel1/bin/../lib/gcc/arm-none-eabi/13.3.1/thumb/v7-m/nofp\libg_nano.a(libc_a-memset.o)
                              C:/PROGRA~2/Arm GNU Toolchain arm-none-eabi/13.3 rel1/bin/../lib/gcc/arm-none-eabi/13.3.1/thumb/v7-m/nofp/crt0.o (memset)
C:/PROGRA~2/Arm GNU Toolchain arm-none-eabi/13.3 rel1/bin/../lib/gcc/arm-none-eabi/13.3.1/thumb/v7-m/nofp\libg_nano.a(libc_a-localeconv.o)
                              C:/PROGRA~2/Arm GNU Toolchain arm-none-eabi/13.3 rel1/bin/../lib/gcc/arm-none-eabi/13.3.1/thumb/v7-m/nofp\libg_nano.a(libc_a-nano-vfprintf_float.o) (_localeconv_r)
C:/PROGRA~2/Arm GNU Toolchain arm-none-eabi/13.3 rel1/bin/../lib/gcc/arm-none-eabi/13.3.1/thumb/v7-m/nofp\libg_nano.a(libc_a-closer.o)
                              C:/PROGRA~2/Arm GNU Toolchain arm-none-eabi/13.3 rel1/bin/../lib/gcc/arm-none-eabi/13.3.1/thumb/v7-m/nofp\libg_nano.a(libc_a-stdio.o) (_close_r)
C:/PROGRA~2/Arm GNU Toolchain arm-none-eabi/13.3 rel1/bin/../lib/gcc/arm-none-eabi/13.3.1/thumb/v7-m/nofp\libg_nano.a(libc_a-reent.o)
                              C:/PROGRA~2/Arm GNU Toolchain arm-none-eabi/13.3 rel1/bin/../lib/gcc/arm-none-eabi/13.3.1/thumb/v7-m/nofp\libg_nano.a(libc_a-closer.o) (errno)
C:/PROGRA~2/Arm GNU Toolchain arm-none-eabi/13.3 rel1/bin/../lib/gcc/arm-none-eabi/13.3.1/thumb/v7-m/nofp\libg_nano.a(libc_a-impure.o)
                              CMakeFiles/STM32_BLDC_Hall.elf.dir/User_program/printf_uart.c.obj (_impure_ptr)
C:/PROGRA~2/Arm GNU Toolchain arm-none-eabi/13.3 rel1/bin/../lib/gcc/arm-none-eabi/13.3.1/thumb/v7-m/nofp\libg_nano.a(libc_a-lseekr.o)
                              C:/PROGRA~2/Arm GNU Toolchain arm-none-eabi/13.3 rel1/bin/../lib/gcc/arm-none-eabi/13.3.1/thumb/v7-m/nofp\libg_nano.a(libc_a-stdio.o) (_lseek_r)
[...]
Memory Configuration

Name             Origin             Length             Attributes
RAM              0x20000000         0x00005000         xrw
FLASH            0x08000000         0x00010000         xr
*default*        0x00000000         0xffffffff

Linker script and memory map

LOAD C:/PROGRA~2/Arm GNU Toolchain arm-none-eabi/13.3 rel1/bin/../lib/gcc/arm-none-eabi/13.3.1/thumb/v7-m/nofp/crti.o
LOAD C:/PROGRA~2/Arm GNU Toolchain arm-none-eabi/13.3 rel1/bin/../lib/gcc/arm-none-eabi/13.3.1/thumb/v7-m/nofp/crtbegin.o
LOAD C:/PROGRA~2/Arm GNU Toolchain arm-none-eabi/13.3 rel1/bin/../lib/gcc/arm-none-eabi/13.3.1/thumb/v7-m/nofp/crt0.o
LOAD CMakeFiles/STM32_BLDC_Hall.elf.dir/User_program/ADC_int.c.obj
LOAD CMakeFiles/STM32_BLDC_Hall.elf.dir/User_program/BEF_Hall.c.obj
LOAD CMakeFiles/STM32_BLDC_Hall.elf.dir/User_program/GPIO_int.c.obj
LOAD CMakeFiles/STM32_BLDC_Hall.elf.dir/User_program/IQ_math.c.obj
LOAD CMakeFiles/STM32_BLDC_Hall.elf.dir/User_program/PI_Cale.c.obj
LOAD CMakeFiles/STM32_BLDC_Hall.elf.dir/User_program/Task_function.c.obj
LOAD CMakeFiles/STM32_BLDC_Hall.elf.dir/User_program/Tim1_ISR_MCLoop.c.obj
LOAD CMakeFiles/STM32_BLDC_Hall.elf.dir/User_program/Tim1_PWM.c.obj
LOAD CMakeFiles/STM32_BLDC_Hall.elf.dir/User_program/Tim4_Encoder_PWMDAC.c.obj
LOAD CMakeFiles/STM32_BLDC_Hall.elf.dir/User_program/Timer.c.obj
LOAD CMakeFiles/STM32_BLDC_Hall.elf.dir/User_program/VF_angle.c.obj
LOAD CMakeFiles/STM32_BLDC_Hall.elf.dir/User_program/hello_world.c.obj
LOAD CMakeFiles/STM32_BLDC_Hall.elf.dir/User_program/printf_uart.c.obj
LOAD CMakeFiles/STM32_BLDC_Hall.elf.dir/FWlib/src/misc.c.obj
LOAD CMakeFiles/STM32_BLDC_Hall.elf.dir/FWlib/src/stm32f10x_adc.c.obj
LOAD CMakeFiles/STM32_BLDC_Hall.elf.dir/FWlib/src/stm32f10x_bkp.c.obj
LOAD CMakeFiles/STM32_BLDC_Hall.elf.dir/FWlib/src/stm32f10x_can.c.obj
LOAD CMakeFiles/STM32_BLDC_Hall.elf.dir/FWlib/src/stm32f10x_cec.c.obj
LOAD CMakeFiles/STM32_BLDC_Hall.elf.dir/FWlib/src/stm32f10x_crc.c.obj
LOAD CMakeFiles/STM32_BLDC_Hall.elf.dir/FWlib/src/stm32f10x_dac.c.obj
LOAD CMakeFiles/STM32_BLDC_Hall.elf.dir/FWlib/src/stm32f10x_dbgmcu.c.obj
LOAD CMakeFiles/STM32_BLDC_Hall.elf.dir/FWlib/src/stm32f10x_dma.c.obj
LOAD CMakeFiles/STM32_BLDC_Hall.elf.dir/FWlib/src/stm32f10x_exti.c.obj
LOAD CMakeFiles/STM32_BLDC_Hall.elf.dir/FWlib/src/stm32f10x_flash.c.obj
LOAD CMakeFiles/STM32_BLDC_Hall.elf.dir/FWlib/src/stm32f10x_fsmc.c.obj
LOAD CMakeFiles/STM32_BLDC_Hall.elf.dir/FWlib/src/stm32f10x_gpio.c.obj
LOAD CMakeFiles/STM32_BLDC_Hall.elf.dir/FWlib/src/stm32f10x_i2c.c.obj
LOAD CMakeFiles/STM32_BLDC_Hall.elf.dir/FWlib/src/stm32f10x_it.c.obj
LOAD CMakeFiles/STM32_BLDC_Hall.elf.dir/FWlib/src/stm32f10x_iwdg.c.obj
LOAD CMakeFiles/STM32_BLDC_Hall.elf.dir/FWlib/src/stm32f10x_pwr.c.obj
LOAD CMakeFiles/STM32_BLDC_Hall.elf.dir/FWlib/src/stm32f10x_rcc.c.obj
LOAD CMakeFiles/STM32_BLDC_Hall.elf.dir/FWlib/src/stm32f10x_rtc.c.obj
LOAD CMakeFiles/STM32_BLDC_Hall.elf.dir/FWlib/src/stm32f10x_sdio.c.obj
LOAD CMakeFiles/STM32_BLDC_Hall.elf.dir/FWlib/src/stm32f10x_spi.c.obj
LOAD CMakeFiles/STM32_BLDC_Hall.elf.dir/FWlib/src/stm32f10x_tim.c.obj
LOAD CMakeFiles/STM32_BLDC_Hall.elf.dir/FWlib/src/stm32f10x_usart.c.obj
LOAD CMakeFiles/STM32_BLDC_Hall.elf.dir/FWlib/src/stm32f10x_wwdg.c.obj
LOAD CMakeFiles/STM32_BLDC_Hall.elf.dir/main.c.obj
LOAD CMakeFiles/STM32_BLDC_Hall.elf.dir/startup/startup_stm32f103xb.s.obj
LOAD CMakeFiles/STM32_BLDC_Hall.elf.dir/CMSIS/core_cm3.c.obj
LOAD CMakeFiles/STM32_BLDC_Hall.elf.dir/CMSIS/system_stm32f10x.c.obj
START GROUP
LOAD C:/PROGRA~2/Arm GNU Toolchain arm-none-eabi/13.3 rel1/bin/../lib/gcc/arm-none-eabi/13.3.1/thumb/v7-m/nofp\libgcc.a
LOAD C:/PROGRA~2/Arm GNU Toolchain arm-none-eabi/13.3 rel1/bin/../lib/gcc/arm-none-eabi/13.3.1/thumb/v7-m/nofp\libg_nano.a
LOAD C:/PROGRA~2/Arm GNU Toolchain arm-none-eabi/13.3 rel1/bin/../lib/gcc/arm-none-eabi/13.3.1/thumb/v7-m/nofp\libc_nano.a
END GROUP
START GROUP
LOAD C:/PROGRA~2/Arm GNU Toolchain arm-none-eabi/13.3 rel1/bin/../lib/gcc/arm-none-eabi/13.3.1/thumb/v7-m/nofp\libgcc.a
LOAD C:/PROGRA~2/Arm GNU Toolchain arm-none-eabi/13.3 rel1/bin/../lib/gcc/arm-none-eabi/13.3.1/thumb/v7-m/nofp\libc_nano.a
LOAD C:/PROGRA~2/Arm GNU Toolchain arm-none-eabi/13.3 rel1/bin/../lib/gcc/arm-none-eabi/13.3.1/thumb/v7-m/nofp\libnosys.a
END GROUP
START GROUP
LOAD C:/PROGRA~2/Arm GNU Toolchain arm-none-eabi/13.3 rel1/bin/../lib/gcc/arm-none-eabi/13.3.1/thumb/v7-m/nofp\libgcc.a
LOAD C:/PROGRA~2/Arm GNU Toolchain arm-none-eabi/13.3 rel1/bin/../lib/gcc/arm-none-eabi/13.3.1/thumb/v7-m/nofp\libc_nano.a
LOAD C:/PROGRA~2/Arm GNU Toolchain arm-none-eabi/13.3 rel1/bin/../lib/gcc/arm-none-eabi/13.3.1/thumb/v7-m/nofp\libnosys.a
END GROUP
LOAD C:/PROGRA~2/Arm GNU Toolchain arm-none-eabi/13.3 rel1/bin/../lib/gcc/arm-none-eabi/13.3.1/thumb/v7-m/nofp/crtend.o
LOAD C:/PROGRA~2/Arm GNU Toolchain arm-none-eabi/13.3 rel1/bin/../lib/gcc/arm-none-eabi/13.3.1/thumb/v7-m/nofp/crtn.o
                0x20005000                        _estack = 0x20005000
                0x00000200                        _Min_Heap_Size = 0x200
                0x00000400                        _Min_Stack_Size = 0x400

.isr_vector     0x08000000      0x10c
                0x08000000                        . = ALIGN (0x4)
 *(.isr_vector)
 .isr_vector    0x08000000      0x10c CMakeFiles/STM32_BLDC_Hall.elf.dir/startup/startup_stm32f103xb.s.obj
                0x08000000                g_pfnVectors
                0x0800010c                        . = ALIGN (0x4)

.text           0x08000110     0x6708
                0x08000110                        . = ALIGN (0x4)
 *(.text)
 .text          0x08000110       0x10 C:/PROGRA~2/Arm GNU Toolchain arm-none-eabi/13.3 rel1/bin/../lib/gcc/arm-none-eabi/13.3.1/thumb/v7-m/nofp\libg_nano.a(libc_a-strlen.o)
                0x08000110                strlen
 .text          0x08000120      0x378 C:/PROGRA~2/Arm GNU Toolchain arm-none-eabi/13.3 rel1/bin/../lib/gcc/arm-none-eabi/13.3.1/thumb/v7-m/nofp\libgcc.a(_arm_addsubdf3.o)
                0x08000120                __aeabi_drsub
                0x08000128                __aeabi_dsub
                0x08000128                __subdf3
                0x0800012c                __aeabi_dadd
                0x0800012c                __adddf3
                0x080003a4                __floatunsidf
                0x080003a4                __aeabi_ui2d
                0x080003c4                __floatsidf
                0x080003c4                __aeabi_i2d
                0x080003e8                __aeabi_f2d
                0x080003e8                __extendsfdf2
                0x0800042c                __floatundidf
                0x0800042c                __aeabi_ul2d
                0x0800043c                __floatdidf
                0x0800043c                __aeabi_l2d
 .text          0x08000498      0x424 C:/PROGRA~2/Arm GNU Toolchain arm-none-eabi/13.3 rel1/bin/../lib/gcc/arm-none-eabi/13.3.1/thumb/v7-m/nofp\libgcc.a(_arm_muldivdf3.o)
                0x08000498                __aeabi_dmul
                0x08000498                __muldf3
                0x080006ec                __divdf3
                0x080006ec                __aeabi_ddiv
 .text          0x080008bc      0x110 C:/PROGRA~2/Arm GNU Toolchain arm-none-eabi/13.3 rel1/bin/../lib/gcc/arm-none-eabi/13.3.1/thumb/v7-m/nofp\libgcc.a(_arm_cmpdf2.o)
                0x080008bc                __gtdf2
                0x080008bc                __gedf2
                0x080008c4                __ltdf2
                0x080008c4                __ledf2
                0x080008cc                __nedf2
                0x080008cc                __eqdf2
                0x080008cc                __cmpdf2
                0x08000948                __aeabi_cdrcmple
                0x08000958                __aeabi_cdcmpeq
                0x08000958                __aeabi_cdcmple
                0x08000968                __aeabi_dcmpeq
                0x0800097c                __aeabi_dcmplt
                0x08000990                __aeabi_dcmple
                0x080009a4                __aeabi_dcmpge
                0x080009b8                __aeabi_dcmpgt
 .text          0x080009cc       0x2c C:/PROGRA~2/Arm GNU Toolchain arm-none-eabi/13.3 rel1/bin/../lib/gcc/arm-none-eabi/13.3.1/thumb/v7-m/nofp\libgcc.a(_arm_unorddf2.o)
                0x080009cc                __unorddf2
                0x080009cc                __aeabi_dcmpun
 .text          0x080009f8       0x50 C:/PROGRA~2/Arm GNU Toolchain arm-none-eabi/13.3 rel1/bin/../lib/gcc/arm-none-eabi/13.3.1/thumb/v7-m/nofp\libgcc.a(_arm_fixdfsi.o)
                0x080009f8                __aeabi_d2iz
                0x080009f8                __fixdfsi
 *(.text*)
 .text.deregister_tm_clones
                0x08000a48       0x1c C:/PROGRA~2/Arm GNU Toolchain arm-none-eabi/13.3 rel1/bin/../lib/gcc/arm-none-eabi/13.3.1/thumb/v7-m/nofp/crtbegin.o
 .text.register_tm_clones
                0x08000a64       0x24 C:/PROGRA~2/Arm GNU Toolchain arm-none-eabi/13.3 rel1/bin/../lib/gcc/arm-none-eabi/13.3.1/thumb/v7-m/nofp/crtbegin.o
 .text.__do_global_dtors_aux
                0x08000a88       0x28 C:/PROGRA~2/Arm GNU Toolchain arm-none-eabi/13.3 rel1/bin/../lib/gcc/arm-none-eabi/13.3.1/thumb/v7-m/nofp/crtbegin.o
 .text.frame_dummy
                0x08000ab0       0x24 C:/PROGRA~2/Arm GNU Toolchain arm-none-eabi/13.3 rel1/bin/../lib/gcc/arm-none-eabi/13.3.1/thumb/v7-m/nofp/crtbegin.o
 .text.ADC1_Configuration
                0x08000ad4       0xd0 CMakeFiles/STM32_BLDC_Hall.elf.dir/User_program/ADC_int.c.obj
                0x08000ad4                ADC1_Configuration
 .text.DMA_Configuration
                0x08000ba4       0x6c CMakeFiles/STM32_BLDC_Hall.elf.dir/User_program/ADC_int.c.obj
                0x08000ba4                DMA_Configuration
 .text.Offset_CurrentReading
                0x08000c10       0xec CMakeFiles/STM32_BLDC_Hall.elf.dir/User_program/ADC_int.c.obj
                0x08000c10                Offset_CurrentReading
 .text.ADC_Sample
                0x08000cfc       0x78 CMakeFiles/STM32_BLDC_Hall.elf.dir/User_program/ADC_int.c.obj
                0x08000cfc                ADC_Sample
 .text.Protection_software
                0x08000d74       0x30 CMakeFiles/STM32_BLDC_Hall.elf.dir/User_program/ADC_int.c.obj
                0x08000d74                Protection_software
 .text.BEF_ThreeCAPPara_init
                0x08000da4       0x30 CMakeFiles/STM32_BLDC_Hall.elf.dir/User_program/BEF_Hall.c.obj
                0x08000da4                BEF_ThreeCAPPara_init
 .text.BEFHall_huanxkz
                0x08000dd4      0x23c CMakeFiles/STM32_BLDC_Hall.elf.dir/User_program/BEF_Hall.c.obj
                0x08000dd4                BEFHall_huanxkz
 .text.Delay    0x08001010       0x34 CMakeFiles/STM32_BLDC_Hall.elf.dir/User_program/GPIO_int.c.obj
                0x08001010                Delay
 .text.GPIO_LED485RE_int
                0x08001044       0x30 CMakeFiles/STM32_BLDC_Hall.elf.dir/User_program/GPIO_int.c.obj
                0x08001044                GPIO_LED485RE_int
 .text.InitThree_BEF_Gpio
                0x08001074       0x58 CMakeFiles/STM32_BLDC_Hall.elf.dir/User_program/GPIO_int.c.obj
                0x08001074                InitThree_BEF_Gpio
 .text.Init_PWMDAC_Gpio
                0x080010cc       0x3c CMakeFiles/STM32_BLDC_Hall.elf.dir/User_program/GPIO_int.c.obj
                0x080010cc                Init_PWMDAC_Gpio
 .text.Init_Gpio_ADC
                0x08001108       0x3c CMakeFiles/STM32_BLDC_Hall.elf.dir/User_program/GPIO_int.c.obj
                0x08001108                Init_Gpio_ADC
 .text.Init_Gpio_TIM1_PWM
                0x08001144       0x68 CMakeFiles/STM32_BLDC_Hall.elf.dir/User_program/GPIO_int.c.obj
                0x08001144                Init_Gpio_TIM1_PWM
 .text.LED1_Toggle
                0x080011ac       0x28 CMakeFiles/STM32_BLDC_Hall.elf.dir/User_program/GPIO_int.c.obj
                0x080011ac                LED1_Toggle
 .text.IQsat    0x080011d4       0x38 CMakeFiles/STM32_BLDC_Hall.elf.dir/User_program/IQ_math.c.obj
                0x080011d4                IQsat
 .text.PI_Controller
                0x0800120c       0x80 CMakeFiles/STM32_BLDC_Hall.elf.dir/User_program/PI_Cale.c.obj
                0x0800120c                PI_Controller
 .text.PI_Pare_init
                0x0800128c       0x30 CMakeFiles/STM32_BLDC_Hall.elf.dir/User_program/PI_Cale.c.obj
                0x0800128c                PI_Pare_init
 .text.knob_control
                0x080012bc       0xc0 CMakeFiles/STM32_BLDC_Hall.elf.dir/User_program/Task_function.c.obj
                0x080012bc                knob_control
 .text.TIM1_UP_IRQHandler
                0x0800137c      0x118 CMakeFiles/STM32_BLDC_Hall.elf.dir/User_program/Tim1_ISR_MCLoop.c.obj
                0x0800137c                TIM1_UP_IRQHandler
 .text.Tim1_PWM_Init
                0x08001494      0x13c CMakeFiles/STM32_BLDC_Hall.elf.dir/User_program/Tim1_PWM.c.obj
                0x08001494                Tim1_PWM_Init
 .text.Stop_Motor
                0x080015d0       0x48 CMakeFiles/STM32_BLDC_Hall.elf.dir/User_program/Tim1_PWM.c.obj
                0x080015d0                Stop_Motor
 .text.MOS_Q41PWM
                0x08001618       0x78 CMakeFiles/STM32_BLDC_Hall.elf.dir/User_program/Tim1_PWM.c.obj
                0x08001618                MOS_Q41PWM
 .text.MOS_Q16PWM
                0x08001690       0x78 CMakeFiles/STM32_BLDC_Hall.elf.dir/User_program/Tim1_PWM.c.obj
                0x08001690                MOS_Q16PWM
 .text.MOS_Q63PWM
                0x08001708       0x78 CMakeFiles/STM32_BLDC_Hall.elf.dir/User_program/Tim1_PWM.c.obj
                0x08001708                MOS_Q63PWM
 .text.MOS_Q32PWM
                0x08001780       0x78 CMakeFiles/STM32_BLDC_Hall.elf.dir/User_program/Tim1_PWM.c.obj
                0x08001780                MOS_Q32PWM
 .text.MOS_Q25PWM
                0x080017f8       0x78 CMakeFiles/STM32_BLDC_Hall.elf.dir/User_program/Tim1_PWM.c.obj
                0x080017f8                MOS_Q25PWM
 .text.MOS_Q54PWM
                0x08001870       0x78 CMakeFiles/STM32_BLDC_Hall.elf.dir/User_program/Tim1_PWM.c.obj
                0x08001870                MOS_Q54PWM
 .text.TIM4PWMDAC_Config
                0x080018e8       0xd0 CMakeFiles/STM32_BLDC_Hall.elf.dir/User_program/Tim4_Encoder_PWMDAC.c.obj
                0x080018e8                TIM4PWMDAC_Config
 .text.RunSystimer
                0x080019b8      0x164 CMakeFiles/STM32_BLDC_Hall.elf.dir/User_program/Timer.c.obj
                0x080019b8                RunSystimer
 .text.CLEAR_flag
                0x08001b1c       0x90 CMakeFiles/STM32_BLDC_Hall.elf.dir/User_program/Timer.c.obj
                0x08001b1c                CLEAR_flag
 .text.Timer2Config
                0x08001bac       0x62 CMakeFiles/STM32_BLDC_Hall.elf.dir/User_program/Timer.c.obj
                0x08001bac                Timer2Config
 *fill*         0x08001c0e        0x2 
 .text.TIM2_IRQHandler
                0x08001c10       0x2c CMakeFiles/STM32_BLDC_Hall.elf.dir/User_program/Timer.c.obj
                0x08001c10                TIM2_IRQHandler
 .text.VF_start_init
                0x08001c3c       0x80 CMakeFiles/STM32_BLDC_Hall.elf.dir/User_program/VF_angle.c.obj
                0x08001c3c                VF_start_init
 .text.VF_start_control
                0x08001cbc      0x210 CMakeFiles/STM32_BLDC_Hall.elf.dir/User_program/VF_angle.c.obj
                0x08001cbc                VF_start_control
 .text.PrintfInit
                0x08001ecc       0x30 CMakeFiles/STM32_BLDC_Hall.elf.dir/User_program/printf_uart.c.obj
                0x08001ecc                PrintfInit
 .text.Uart3Init
                0x08001efc       0xb0 CMakeFiles/STM32_BLDC_Hall.elf.dir/User_program/printf_uart.c.obj
                0x08001efc                Uart3Init
 .text._isatty  0x08001fac       0x24 CMakeFiles/STM32_BLDC_Hall.elf.dir/User_program/printf_uart.c.obj
                0x08001fac                _isatty
 .text._write   0x08001fd0       0x7c CMakeFiles/STM32_BLDC_Hall.elf.dir/User_program/printf_uart.c.obj
                0x08001fd0                _write
 .text._close   0x0800204c       0x26 CMakeFiles/STM32_BLDC_Hall.elf.dir/User_program/printf_uart.c.obj
                0x0800204c                _close
 .text._lseek   0x08002072       0x1a CMakeFiles/STM32_BLDC_Hall.elf.dir/User_program/printf_uart.c.obj
                0x08002072                _lseek
 .text._read    0x0800208c       0x44 CMakeFiles/STM32_BLDC_Hall.elf.dir/User_program/printf_uart.c.obj
                0x0800208c                _read
 .text.USART3_IRQHandler
                0x080020d0       0x88 CMakeFiles/STM32_BLDC_Hall.elf.dir/User_program/printf_uart.c.obj
                0x080020d0                USART3_IRQHandler
 .text.NVIC_PriorityGroupConfig
                0x08002158       0x24 CMakeFiles/STM32_BLDC_Hall.elf.dir/FWlib/src/misc.c.obj
                0x08002158                NVIC_PriorityGroupConfig
 .text.NVIC_Init
                0x0800217c       0xc4 CMakeFiles/STM32_BLDC_Hall.elf.dir/FWlib/src/misc.c.obj
                0x0800217c                NVIC_Init
 .text.ADC_DeInit
                0x08002240       0x74 CMakeFiles/STM32_BLDC_Hall.elf.dir/FWlib/src/stm32f10x_adc.c.obj
                0x08002240                ADC_DeInit
 .text.ADC_Init
                0x080022b4       0xa4 CMakeFiles/STM32_BLDC_Hall.elf.dir/FWlib/src/stm32f10x_adc.c.obj
                0x080022b4                ADC_Init
 .text.ADC_StructInit
                0x08002358       0x36 CMakeFiles/STM32_BLDC_Hall.elf.dir/FWlib/src/stm32f10x_adc.c.obj
                0x08002358                ADC_StructInit
 .text.ADC_Cmd  0x0800238e       0x36 CMakeFiles/STM32_BLDC_Hall.elf.dir/FWlib/src/stm32f10x_adc.c.obj
                0x0800238e                ADC_Cmd
 .text.ADC_DMACmd
                0x080023c4       0x36 CMakeFiles/STM32_BLDC_Hall.elf.dir/FWlib/src/stm32f10x_adc.c.obj
                0x080023c4                ADC_DMACmd
 .text.ADC_ResetCalibration
                0x080023fa       0x1e CMakeFiles/STM32_BLDC_Hall.elf.dir/FWlib/src/stm32f10x_adc.c.obj
                0x080023fa                ADC_ResetCalibration
 .text.ADC_GetResetCalibrationStatus
                0x08002418       0x2e CMakeFiles/STM32_BLDC_Hall.elf.dir/FWlib/src/stm32f10x_adc.c.obj
                0x08002418                ADC_GetResetCalibrationStatus
 .text.ADC_StartCalibration
                0x08002446       0x1e CMakeFiles/STM32_BLDC_Hall.elf.dir/FWlib/src/stm32f10x_adc.c.obj
                0x08002446                ADC_StartCalibration
 .text.ADC_GetCalibrationStatus
                0x08002464       0x2e CMakeFiles/STM32_BLDC_Hall.elf.dir/FWlib/src/stm32f10x_adc.c.obj
                0x08002464                ADC_GetCalibrationStatus
 .text.ADC_SoftwareStartConvCmd
                0x08002492       0x36 CMakeFiles/STM32_BLDC_Hall.elf.dir/FWlib/src/stm32f10x_adc.c.obj
                0x08002492                ADC_SoftwareStartConvCmd
 .text.ADC_RegularChannelConfig
                0x080024c8      0x192 CMakeFiles/STM32_BLDC_Hall.elf.dir/FWlib/src/stm32f10x_adc.c.obj
                0x080024c8                ADC_RegularChannelConfig
 *fill*         0x0800265a        0x2 
 .text.DMA_DeInit
                0x0800265c      0x178 CMakeFiles/STM32_BLDC_Hall.elf.dir/FWlib/src/stm32f10x_dma.c.obj
                0x0800265c                DMA_DeInit
 .text.DMA_Init
                0x080027d4       0x7c CMakeFiles/STM32_BLDC_Hall.elf.dir/FWlib/src/stm32f10x_dma.c.obj
                0x080027d4                DMA_Init
 .text.DMA_Cmd  0x08002850       0x38 CMakeFiles/STM32_BLDC_Hall.elf.dir/FWlib/src/stm32f10x_dma.c.obj
                0x08002850                DMA_Cmd
 .text.GPIO_Init
                0x08002888      0x178 CMakeFiles/STM32_BLDC_Hall.elf.dir/FWlib/src/stm32f10x_gpio.c.obj
                0x08002888                GPIO_Init
 .text.GPIO_StructInit
                0x08002a00       0x26 CMakeFiles/STM32_BLDC_Hall.elf.dir/FWlib/src/stm32f10x_gpio.c.obj
                0x08002a00                GPIO_StructInit
 .text.GPIO_ReadInputDataBit
                0x08002a26       0x32 CMakeFiles/STM32_BLDC_Hall.elf.dir/FWlib/src/stm32f10x_gpio.c.obj
                0x08002a26                GPIO_ReadInputDataBit
 .text.GPIO_PinRemapConfig
                0x08002a58       0xe0 CMakeFiles/STM32_BLDC_Hall.elf.dir/FWlib/src/stm32f10x_gpio.c.obj
                0x08002a58                GPIO_PinRemapConfig
 .text.TIM1_BRK_IRQHandler
                0x08002b38       0x18 CMakeFiles/STM32_BLDC_Hall.elf.dir/FWlib/src/stm32f10x_it.c.obj
                0x08002b38                TIM1_BRK_IRQHandler
 .text.RCC_ADCCLKConfig
                0x08002b50       0x38 CMakeFiles/STM32_BLDC_Hall.elf.dir/FWlib/src/stm32f10x_rcc.c.obj
                0x08002b50                RCC_ADCCLKConfig
 .text.RCC_GetClocksFreq
                0x08002b88      0x16c CMakeFiles/STM32_BLDC_Hall.elf.dir/FWlib/src/stm32f10x_rcc.c.obj
                0x08002b88                RCC_GetClocksFreq
 .text.RCC_AHBPeriphClockCmd
                0x08002cf4       0x3c CMakeFiles/STM32_BLDC_Hall.elf.dir/FWlib/src/stm32f10x_rcc.c.obj
                0x08002cf4                RCC_AHBPeriphClockCmd
 .text.RCC_APB2PeriphClockCmd
                0x08002d30       0x3c CMakeFiles/STM32_BLDC_Hall.elf.dir/FWlib/src/stm32f10x_rcc.c.obj
                0x08002d30                RCC_APB2PeriphClockCmd
 .text.RCC_APB1PeriphClockCmd
                0x08002d6c       0x3c CMakeFiles/STM32_BLDC_Hall.elf.dir/FWlib/src/stm32f10x_rcc.c.obj
                0x08002d6c                RCC_APB1PeriphClockCmd
 .text.RCC_APB2PeriphResetCmd
                0x08002da8       0x3c CMakeFiles/STM32_BLDC_Hall.elf.dir/FWlib/src/stm32f10x_rcc.c.obj
                0x08002da8                RCC_APB2PeriphResetCmd
 .text.TIM_TimeBaseInit
                0x08002de4       0xf8 CMakeFiles/STM32_BLDC_Hall.elf.dir/FWlib/src/stm32f10x_tim.c.obj
                0x08002de4                TIM_TimeBaseInit
 .text.TIM_OC1Init
                0x08002edc      0x118 CMakeFiles/STM32_BLDC_Hall.elf.dir/FWlib/src/stm32f10x_tim.c.obj
                0x08002edc                TIM_OC1Init
 .text.TIM_OC2Init
                0x08002ff4      0x110 CMakeFiles/STM32_BLDC_Hall.elf.dir/FWlib/src/stm32f10x_tim.c.obj
                0x08002ff4                TIM_OC2Init
 .text.TIM_OC3Init
                0x08003104      0x10c CMakeFiles/STM32_BLDC_Hall.elf.dir/FWlib/src/stm32f10x_tim.c.obj
                0x08003104                TIM_OC3Init
 .text.TIM_OC4Init
                0x08003210       0xd0 CMakeFiles/STM32_BLDC_Hall.elf.dir/FWlib/src/stm32f10x_tim.c.obj
                0x08003210                TIM_OC4Init
 .text.TIM_BDTRConfig
                0x080032e0       0x4e CMakeFiles/STM32_BLDC_Hall.elf.dir/FWlib/src/stm32f10x_tim.c.obj
                0x080032e0                TIM_BDTRConfig
 .text.TIM_Cmd  0x0800332e       0x3e CMakeFiles/STM32_BLDC_Hall.elf.dir/FWlib/src/stm32f10x_tim.c.obj
                0x0800332e                TIM_Cmd
 .text.TIM_CtrlPWMOutputs
                0x0800336c       0x4a CMakeFiles/STM32_BLDC_Hall.elf.dir/FWlib/src/stm32f10x_tim.c.obj
                0x0800336c                TIM_CtrlPWMOutputs
 .text.TIM_ITConfig
                0x080033b6       0x46 CMakeFiles/STM32_BLDC_Hall.elf.dir/FWlib/src/stm32f10x_tim.c.obj
                0x080033b6                TIM_ITConfig
 .text.TIM_ARRPreloadConfig
                0x080033fc       0x3e CMakeFiles/STM32_BLDC_Hall.elf.dir/FWlib/src/stm32f10x_tim.c.obj
                0x080033fc                TIM_ARRPreloadConfig
 .text.TIM_OC1PreloadConfig
                0x0800343a       0x36 CMakeFiles/STM32_BLDC_Hall.elf.dir/FWlib/src/stm32f10x_tim.c.obj
                0x0800343a                TIM_OC1PreloadConfig
 .text.TIM_OC2PreloadConfig
                0x08003470       0x3a CMakeFiles/STM32_BLDC_Hall.elf.dir/FWlib/src/stm32f10x_tim.c.obj
                0x08003470                TIM_OC2PreloadConfig
 .text.TIM_OC3PreloadConfig
                0x080034aa       0x36 CMakeFiles/STM32_BLDC_Hall.elf.dir/FWlib/src/stm32f10x_tim.c.obj
                0x080034aa                TIM_OC3PreloadConfig
 .text.TIM_OC4PreloadConfig
                0x080034e0       0x3a CMakeFiles/STM32_BLDC_Hall.elf.dir/FWlib/src/stm32f10x_tim.c.obj
                0x080034e0                TIM_OC4PreloadConfig
 .text.TIM_CCxCmd
                0x0800351a       0x54 CMakeFiles/STM32_BLDC_Hall.elf.dir/FWlib/src/stm32f10x_tim.c.obj
                0x0800351a                TIM_CCxCmd
 .text.TIM_CCxNCmd
                0x0800356e       0x54 CMakeFiles/STM32_BLDC_Hall.elf.dir/FWlib/src/stm32f10x_tim.c.obj
                0x0800356e                TIM_CCxNCmd
 .text.TIM_SelectOCxM
                0x080035c2       0xb0 CMakeFiles/STM32_BLDC_Hall.elf.dir/FWlib/src/stm32f10x_tim.c.obj
                0x080035c2                TIM_SelectOCxM
 .text.TIM_SetCompare1
                0x08003672       0x1c CMakeFiles/STM32_BLDC_Hall.elf.dir/FWlib/src/stm32f10x_tim.c.obj
                0x08003672                TIM_SetCompare1
 .text.TIM_SetCompare2
                0x0800368e       0x1c CMakeFiles/STM32_BLDC_Hall.elf.dir/FWlib/src/stm32f10x_tim.c.obj
                0x0800368e                TIM_SetCompare2
 .text.TIM_SetCompare3
                0x080036aa       0x1c CMakeFiles/STM32_BLDC_Hall.elf.dir/FWlib/src/stm32f10x_tim.c.obj
                0x080036aa                TIM_SetCompare3
 .text.TIM_SetCompare4
                0x080036c6       0x1e CMakeFiles/STM32_BLDC_Hall.elf.dir/FWlib/src/stm32f10x_tim.c.obj
                0x080036c6                TIM_SetCompare4
 .text.TIM_ClearFlag
                0x080036e4       0x20 CMakeFiles/STM32_BLDC_Hall.elf.dir/FWlib/src/stm32f10x_tim.c.obj
                0x080036e4                TIM_ClearFlag
 .text.TIM_GetITStatus
                0x08003704       0x52 CMakeFiles/STM32_BLDC_Hall.elf.dir/FWlib/src/stm32f10x_tim.c.obj
                0x08003704                TIM_GetITStatus
 .text.TIM_ClearITPendingBit
                0x08003756       0x20 CMakeFiles/STM32_BLDC_Hall.elf.dir/FWlib/src/stm32f10x_tim.c.obj
                0x08003756                TIM_ClearITPendingBit
 *fill*         0x08003776        0x2 
 .text.USART_Init
                0x08003778      0x174 CMakeFiles/STM32_BLDC_Hall.elf.dir/FWlib/src/stm32f10x_usart.c.obj
                0x08003778                USART_Init
 .text.USART_Cmd
                0x080038ec       0x3e CMakeFiles/STM32_BLDC_Hall.elf.dir/FWlib/src/stm32f10x_usart.c.obj
                0x080038ec                USART_Cmd
 .text.USART_ITConfig
                0x0800392a       0x8e CMakeFiles/STM32_BLDC_Hall.elf.dir/FWlib/src/stm32f10x_usart.c.obj
                0x0800392a                USART_ITConfig
 .text.USART_SendData
                0x080039b8       0x22 CMakeFiles/STM32_BLDC_Hall.elf.dir/FWlib/src/stm32f10x_usart.c.obj
                0x080039b8                USART_SendData
 .text.USART_ReceiveData
                0x080039da       0x1e CMakeFiles/STM32_BLDC_Hall.elf.dir/FWlib/src/stm32f10x_usart.c.obj
                0x080039da                USART_ReceiveData
 .text.USART_GetFlagStatus
                0x080039f8       0x36 CMakeFiles/STM32_BLDC_Hall.elf.dir/FWlib/src/stm32f10x_usart.c.obj
                0x080039f8                USART_GetFlagStatus
 .text.USART_GetITStatus
                0x08003a2e       0xb4 CMakeFiles/STM32_BLDC_Hall.elf.dir/FWlib/src/stm32f10x_usart.c.obj
                0x08003a2e                USART_GetITStatus
 *fill*         0x08003ae2        0x2 
 .text.main     0x08003ae4       0x94 CMakeFiles/STM32_BLDC_Hall.elf.dir/main.c.obj
                0x08003ae4                main
 .text.Reset_Handler
                0x08003b78       0x48 CMakeFiles/STM32_BLDC_Hall.elf.dir/startup/startup_stm32f103xb.s.obj
                0x08003b78                Reset_Handler
 .text.Default_Handler
                0x08003bc0        0x2 CMakeFiles/STM32_BLDC_Hall.elf.dir/startup/startup_stm32f103xb.s.obj
                0x08003bc0                RTC_Alarm_IRQHandler
                0x08003bc0                EXTI2_IRQHandler
                0x08003bc0                DebugMon_Handler
                0x08003bc0                TIM1_CC_IRQHandler
                0x08003bc0                HardFault_Handler
                0x08003bc0                SysTick_Handler
                0x08003bc0                PVD_IRQHandler
                0x08003bc0                PendSV_Handler
                0x08003bc0                NMI_Handler
                0x08003bc0                EXTI3_IRQHandler
                0x08003bc0                EXTI0_IRQHandler
                0x08003bc0                I2C2_EV_IRQHandler
                0x08003bc0                UsageFault_Handler
                0x08003bc0                ADC1_2_IRQHandler
                0x08003bc0                SPI1_IRQHandler
                0x08003bc0                TAMPER_IRQHandler
                0x08003bc0                DMA1_Channel4_IRQHandler
                0x08003bc0                RTC_IRQHandler
                0x08003bc0                DMA1_Channel7_IRQHandler
                0x08003bc0                CAN1_RX1_IRQHandler
                0x08003bc0                TIM4_IRQHandler
                0x08003bc0                I2C1_EV_IRQHandler
                0x08003bc0                DMA1_Channel6_IRQHandler
                0x08003bc0                TIM3_IRQHandler
                0x08003bc0                RCC_IRQHandler
                0x08003bc0                TIM1_TRG_COM_IRQHandler
                0x08003bc0                DMA1_Channel1_IRQHandler
                0x08003bc0                Default_Handler
                0x08003bc0                EXTI15_10_IRQHandler
                0x08003bc0                EXTI9_5_IRQHandler
                0x08003bc0                SPI2_IRQHandler
                0x08003bc0                MemManage_Handler
                0x08003bc0                SVC_Handler
                0x08003bc0                DMA1_Channel5_IRQHandler
                0x08003bc0                EXTI4_IRQHandler
                0x08003bc0                USB_LP_CAN1_RX0_IRQHandler
                0x08003bc0                USB_HP_CAN1_TX_IRQHandler
                0x08003bc0                DMA1_Channel3_IRQHandler
                0x08003bc0                WWDG_IRQHandler
                0x08003bc0                EXTI1_IRQHandler
                0x08003bc0                USART2_IRQHandler
                0x08003bc0                I2C2_ER_IRQHandler
                0x08003bc0                DMA1_Channel2_IRQHandler
                0x08003bc0                CAN1_SCE_IRQHandler
                0x08003bc0                FLASH_IRQHandler
                0x08003bc0                BusFault_Handler
                0x08003bc0                USART1_IRQHandler
                0x08003bc0                I2C1_ER_IRQHandler
                0x08003bc0                USBWakeUp_IRQHandler
 *fill*         0x08003bc2        0x2 
 .text.SystemInit
                0x08003bc4       0x68 CMakeFiles/STM32_BLDC_Hall.elf.dir/CMSIS/system_stm32f10x.c.obj
                0x08003bc4                SystemInit
 .text.SetSysClock
                0x08003c2c        0xc CMakeFiles/STM32_BLDC_Hall.elf.dir/CMSIS/system_stm32f10x.c.obj
 .text.SetSysClockTo72
                0x08003c38      0x100 CMakeFiles/STM32_BLDC_Hall.elf.dir/CMSIS/system_stm32f10x.c.obj
 .text.__cvt    0x08003d38       0xc8 C:/PROGRA~2/Arm GNU Toolchain arm-none-eabi/13.3 rel1/bin/../lib/gcc/arm-none-eabi/13.3.1/thumb/v7-m/nofp\libg_nano.a(libc_a-nano-vfprintf_float.o)
                0x08003d38                __cvt
 .text.__exponent
                0x08003e00       0x74 C:/PROGRA~2/Arm GNU Toolchain arm-none-eabi/13.3 rel1/bin/../lib/gcc/arm-none-eabi/13.3.1/thumb/v7-m/nofp\libg_nano.a(libc_a-nano-vfprintf_float.o)
                0x08003e00                __exponent
 .text._printf_float
                0x08003e74      0x458 C:/PROGRA~2/Arm GNU Toolchain arm-none-eabi/13.3 rel1/bin/../lib/gcc/arm-none-eabi/13.3.1/thumb/v7-m/nofp\libg_nano.a(libc_a-nano-vfprintf_float.o)
                0x08003e74                _printf_float
 .text._printf_common
                0x080042cc       0xe4 C:/PROGRA~2/Arm GNU Toolchain arm-none-eabi/13.3 rel1/bin/../lib/gcc/arm-none-eabi/13.3.1/thumb/v7-m/nofp\libg_nano.a(libc_a-nano-vfprintf_i.o)
                0x080042cc                _printf_common
 .text._printf_i
                0x080043b0      0x23c C:/PROGRA~2/Arm GNU Toolchain arm-none-eabi/13.3 rel1/bin/../lib/gcc/arm-none-eabi/13.3.1/thumb/v7-m/nofp\libg_nano.a(libc_a-nano-vfprintf_i.o)
                0x080043b0                _printf_i
 .text.std      0x080045ec       0x6c C:/PROGRA~2/Arm GNU Toolchain arm-none-eabi/13.3 rel1/bin/../lib/gcc/arm-none-eabi/13.3.1/thumb/v7-m/nofp\libg_nano.a(libc_a-findfp.o)
 .text.stdio_exit_handler
                0x08004658       0x18 C:/PROGRA~2/Arm GNU Toolchain arm-none-eabi/13.3 rel1/bin/../lib/gcc/arm-none-eabi/13.3.1/thumb/v7-m/nofp\libg_nano.a(libc_a-findfp.o)
 .text.cleanup_stdio
                0x08004670       0x40 C:/PROGRA~2/Arm GNU Toolchain arm-none-eabi/13.3 rel1/bin/../lib/gcc/arm-none-eabi/13.3.1/thumb/v7-m/nofp\libg_nano.a(libc_a-findfp.o)
 .text.global_stdio_init.part.0
                0x080046b0       0x3c C:/PROGRA~2/Arm GNU Toolchain arm-none-eabi/13.3 rel1/bin/../lib/gcc/arm-none-eabi/13.3.1/thumb/v7-m/nofp\libg_nano.a(libc_a-findfp.o)
 .text.__sfp_lock_acquire
                0x080046ec        0xc C:/PROGRA~2/Arm GNU Toolchain arm-none-eabi/13.3 rel1/bin/../lib/gcc/arm-none-eabi/13.3.1/thumb/v7-m/nofp\libg_nano.a(libc_a-findfp.o)
                0x080046ec                __sfp_lock_acquire
 .text.__sfp_lock_release
                0x080046f8        0xc C:/PROGRA~2/Arm GNU Toolchain arm-none-eabi/13.3 rel1/bin/../lib/gcc/arm-none-eabi/13.3.1/thumb/v7-m/nofp\libg_nano.a(libc_a-findfp.o)
                0x080046f8                __sfp_lock_release
 .text.__sinit  0x08004704       0x30 C:/PROGRA~2/Arm GNU Toolchain arm-none-eabi/13.3 rel1/bin/../lib/gcc/arm-none-eabi/13.3.1/thumb/v7-m/nofp\libg_nano.a(libc_a-findfp.o)
                0x08004704                __sinit
 .text._fwalk_sglue
                0x08004734       0x3c C:/PROGRA~2/Arm GNU Toolchain arm-none-eabi/13.3 rel1/bin/../lib/gcc/arm-none-eabi/13.3.1/thumb/v7-m/nofp\libg_nano.a(libc_a-fwalk.o)
                0x08004734                _fwalk_sglue
 .text.printf   0x08004770       0x24 C:/PROGRA~2/Arm GNU Toolchain arm-none-eabi/13.3 rel1/bin/../lib/gcc/arm-none-eabi/13.3.1/thumb/v7-m/nofp\libg_nano.a(libc_a-printf.o)
                0x08004770                iprintf
                0x08004770                printf
 .text.setvbuf  0x08004794      0x168 C:/PROGRA~2/Arm GNU Toolchain arm-none-eabi/13.3 rel1/bin/../lib/gcc/arm-none-eabi/13.3.1/thumb/v7-m/nofp\libg_nano.a(libc_a-setvbuf.o)
                0x08004794                setvbuf
 .text.__sread  0x080048fc       0x22 C:/PROGRA~2/Arm GNU Toolchain arm-none-eabi/13.3 rel1/bin/../lib/gcc/arm-none-eabi/13.3.1/thumb/v7-m/nofp\libg_nano.a(libc_a-stdio.o)
                0x080048fc                __sread
 .text.__swrite
                0x0800491e       0x38 C:/PROGRA~2/Arm GNU Toolchain arm-none-eabi/13.3 rel1/bin/../lib/gcc/arm-none-eabi/13.3.1/thumb/v7-m/nofp\libg_nano.a(libc_a-stdio.o)
                0x0800491e                __swrite
 .text.__sseek  0x08004956       0x24 C:/PROGRA~2/Arm GNU Toolchain arm-none-eabi/13.3 rel1/bin/../lib/gcc/arm-none-eabi/13.3.1/thumb/v7-m/nofp\libg_nano.a(libc_a-stdio.o)
                0x08004956                __sseek
 .text.__sclose
                0x0800497a        0x8 C:/PROGRA~2/Arm GNU Toolchain arm-none-eabi/13.3 rel1/bin/../lib/gcc/arm-none-eabi/13.3.1/thumb/v7-m/nofp\libg_nano.a(libc_a-stdio.o)
                0x0800497a                __sclose
 .text.__swbuf_r
                0x08004982       0x7c C:/PROGRA~2/Arm GNU Toolchain arm-none-eabi/13.3 rel1/bin/../lib/gcc/arm-none-eabi/13.3.1/thumb/v7-m/nofp\libg_nano.a(libc_a-wbuf.o)
                0x08004982                __swbuf_r
 *fill*         0x080049fe        0x2 
 .text.__swsetup_r
                0x08004a00       0xac C:/PROGRA~2/Arm GNU Toolchain arm-none-eabi/13.3 rel1/bin/../lib/gcc/arm-none-eabi/13.3.1/thumb/v7-m/nofp\libg_nano.a(libc_a-wsetup.o)
                0x08004a00                __swsetup_r
 .text.memset   0x08004aac       0x10 C:/PROGRA~2/Arm GNU Toolchain arm-none-eabi/13.3 rel1/bin/../lib/gcc/arm-none-eabi/13.3.1/thumb/v7-m/nofp\libg_nano.a(libc_a-memset.o)
                0x08004aac                memset
 .text._localeconv_r
                0x08004abc        0x8 C:/PROGRA~2/Arm GNU Toolchain arm-none-eabi/13.3 rel1/bin/../lib/gcc/arm-none-eabi/13.3.1/thumb/v7-m/nofp\libg_nano.a(libc_a-localeconv.o)
                0x08004abc                _localeconv_r
 .text._close_r
                0x08004ac4       0x20 C:/PROGRA~2/Arm GNU Toolchain arm-none-eabi/13.3 rel1/bin/../lib/gcc/arm-none-eabi/13.3.1/thumb/v7-m/nofp\libg_nano.a(libc_a-closer.o)
                0x08004ac4                _close_r
 .text._lseek_r
                0x08004ae4       0x24 C:/PROGRA~2/Arm GNU Toolchain arm-none-eabi/13.3 rel1/bin/../lib/gcc/arm-none-eabi/13.3.1/thumb/v7-m/nofp\libg_nano.a(libc_a-lseekr.o)
                0x08004ae4                _lseek_r
 .text._read_r  0x08004b08       0x24 C:/PROGRA~2/Arm GNU Toolchain arm-none-eabi/13.3 rel1/bin/../lib/gcc/arm-none-eabi/13.3.1/thumb/v7-m/nofp\libg_nano.a(libc_a-readr.o)
                0x08004b08                _read_r
 .text._write_r
                0x08004b2c       0x24 C:/PROGRA~2/Arm GNU Toolchain arm-none-eabi/13.3 rel1/bin/../lib/gcc/arm-none-eabi/13.3.1/thumb/v7-m/nofp\libg_nano.a(libc_a-writer.o)
                0x08004b2c                _write_r
 .text.__libc_init_array
                0x08004b50       0x48 C:/PROGRA~2/Arm GNU Toolchain arm-none-eabi/13.3 rel1/bin/../lib/gcc/arm-none-eabi/13.3.1/thumb/v7-m/nofp\libg_nano.a(libc_a-init.o)
                0x08004b50                __libc_init_array
 .text.__retarget_lock_init_recursive
                0x08004b98        0x2 C:/PROGRA~2/Arm GNU Toolchain arm-none-eabi/13.3 rel1/bin/../lib/gcc/arm-none-eabi/13.3.1/thumb/v7-m/nofp\libg_nano.a(libc_a-lock.o)
                0x08004b98                __retarget_lock_init_recursive
 .text.__retarget_lock_acquire_recursive
                0x08004b9a        0x2 C:/PROGRA~2/Arm GNU Toolchain arm-none-eabi/13.3 rel1/bin/../lib/gcc/arm-none-eabi/13.3.1/thumb/v7-m/nofp\libg_nano.a(libc_a-lock.o)
                0x08004b9a                __retarget_lock_acquire_recursive
 .text.__retarget_lock_release_recursive
                0x08004b9c        0x2 C:/PROGRA~2/Arm GNU Toolchain arm-none-eabi/13.3 rel1/bin/../lib/gcc/arm-none-eabi/13.3.1/thumb/v7-m/nofp\libg_nano.a(libc_a-lock.o)
                0x08004b9c                __retarget_lock_release_recursive
 .text.memchr   0x08004b9e       0x1c C:/PROGRA~2/Arm GNU Toolchain arm-none-eabi/13.3 rel1/bin/../lib/gcc/arm-none-eabi/13.3.1/thumb/v7-m/nofp\libg_nano.a(libc_a-memchr-stub.o)
                0x08004b9e                memchr
 .text.quorem   0x08004bba      0x110 C:/PROGRA~2/Arm GNU Toolchain arm-none-eabi/13.3 rel1/bin/../lib/gcc/arm-none-eabi/13.3.1/thumb/v7-m/nofp\libg_nano.a(libc_a-dtoa.o)
 *fill*         0x08004cca        0x6 
 .text._dtoa_r  0x08004cd0      0xb7c C:/PROGRA~2/Arm GNU Toolchain arm-none-eabi/13.3 rel1/bin/../lib/gcc/arm-none-eabi/13.3.1/thumb/v7-m/nofp\libg_nano.a(libc_a-dtoa.o)
                0x08004cd0                _dtoa_r
 .text._free_r  0x0800584c       0x90 C:/PROGRA~2/Arm GNU Toolchain arm-none-eabi/13.3 rel1/bin/../lib/gcc/arm-none-eabi/13.3.1/thumb/v7-m/nofp\libg_nano.a(libc_a-freer.o)
                0x0800584c                _free_r
 .text.malloc   0x080058dc       0x10 C:/PROGRA~2/Arm GNU Toolchain arm-none-eabi/13.3 rel1/bin/../lib/gcc/arm-none-eabi/13.3.1/thumb/v7-m/nofp\libg_nano.a(libc_a-malloc.o)
                0x080058dc                malloc
 .text.sbrk_aligned
                0x080058ec       0x44 C:/PROGRA~2/Arm GNU Toolchain arm-none-eabi/13.3 rel1/bin/../lib/gcc/arm-none-eabi/13.3.1/thumb/v7-m/nofp\libg_nano.a(libc_a-mallocr.o)
 .text._malloc_r
                0x08005930      0x100 C:/PROGRA~2/Arm GNU Toolchain arm-none-eabi/13.3 rel1/bin/../lib/gcc/arm-none-eabi/13.3.1/thumb/v7-m/nofp\libg_nano.a(libc_a-mallocr.o)
                0x08005930                _malloc_r
 .text.__malloc_lock
                0x08005a30        0xc C:/PROGRA~2/Arm GNU Toolchain arm-none-eabi/13.3 rel1/bin/../lib/gcc/arm-none-eabi/13.3.1/thumb/v7-m/nofp\libg_nano.a(libc_a-mlock.o)
                0x08005a30                __malloc_lock
 .text.__malloc_unlock
                0x08005a3c        0xc C:/PROGRA~2/Arm GNU Toolchain arm-none-eabi/13.3 rel1/bin/../lib/gcc/arm-none-eabi/13.3.1/thumb/v7-m/nofp\libg_nano.a(libc_a-mlock.o)
                0x08005a3c                __malloc_unlock
 .text._Balloc  0x08005a48       0x80 C:/PROGRA~2/Arm GNU Toolchain arm-none-eabi/13.3 rel1/bin/../lib/gcc/arm-none-eabi/13.3.1/thumb/v7-m/nofp\libg_nano.a(libc_a-mprec.o)
                0x08005a48                _Balloc
 .text._Bfree   0x08005ac8       0x44 C:/PROGRA~2/Arm GNU Toolchain arm-none-eabi/13.3 rel1/bin/../lib/gcc/arm-none-eabi/13.3.1/thumb/v7-m/nofp\libg_nano.a(libc_a-mprec.o)
                0x08005ac8                _Bfree
 .text.__multadd
                0x08005b0c       0x8c C:/PROGRA~2/Arm GNU Toolchain arm-none-eabi/13.3 rel1/bin/../lib/gcc/arm-none-eabi/13.3.1/thumb/v7-m/nofp\libg_nano.a(libc_a-mprec.o)
                0x08005b0c                __multadd
 .text.__hi0bits
                0x08005b98       0x3e C:/PROGRA~2/Arm GNU Toolchain arm-none-eabi/13.3 rel1/bin/../lib/gcc/arm-none-eabi/13.3.1/thumb/v7-m/nofp\libg_nano.a(libc_a-mprec.o)
                0x08005b98                __hi0bits
 .text.__lo0bits
                0x08005bd6       0x5a C:/PROGRA~2/Arm GNU Toolchain arm-none-eabi/13.3 rel1/bin/../lib/gcc/arm-none-eabi/13.3.1/thumb/v7-m/nofp\libg_nano.a(libc_a-mprec.o)
                0x08005bd6                __lo0bits
 .text.__i2b    0x08005c30       0x2c C:/PROGRA~2/Arm GNU Toolchain arm-none-eabi/13.3 rel1/bin/../lib/gcc/arm-none-eabi/13.3.1/thumb/v7-m/nofp\libg_nano.a(libc_a-mprec.o)
                0x08005c30                __i2b
 .text.__multiply
                0x08005c5c      0x144 C:/PROGRA~2/Arm GNU Toolchain arm-none-eabi/13.3 rel1/bin/../lib/gcc/arm-none-eabi/13.3.1/thumb/v7-m/nofp\libg_nano.a(libc_a-mprec.o)
                0x08005c5c                __multiply
 .text.__pow5mult
                0x08005da0       0xb4 C:/PROGRA~2/Arm GNU Toolchain arm-none-eabi/13.3 rel1/bin/../lib/gcc/arm-none-eabi/13.3.1/thumb/v7-m/nofp\libg_nano.a(libc_a-mprec.o)
                0x08005da0                __pow5mult
 .text.__lshift
                0x08005e54       0xd8 C:/PROGRA~2/Arm GNU Toolchain arm-none-eabi/13.3 rel1/bin/../lib/gcc/arm-none-eabi/13.3.1/thumb/v7-m/nofp\libg_nano.a(libc_a-mprec.o)
                0x08005e54                __lshift
 .text.__mcmp   0x08005f2c       0x36 C:/PROGRA~2/Arm GNU Toolchain arm-none-eabi/13.3 rel1/bin/../lib/gcc/arm-none-eabi/13.3.1/thumb/v7-m/nofp\libg_nano.a(libc_a-mprec.o)
                0x08005f2c                __mcmp
 *fill*         0x08005f62        0x2 
 .text.__mdiff  0x08005f64      0x128 C:/PROGRA~2/Arm GNU Toolchain arm-none-eabi/13.3 rel1/bin/../lib/gcc/arm-none-eabi/13.3.1/thumb/v7-m/nofp\libg_nano.a(libc_a-mprec.o)
                0x08005f64                __mdiff
 .text.__d2b    0x0800608c       0xb0 C:/PROGRA~2/Arm GNU Toolchain arm-none-eabi/13.3 rel1/bin/../lib/gcc/arm-none-eabi/13.3.1/thumb/v7-m/nofp\libg_nano.a(libc_a-mprec.o)
                0x0800608c                __d2b
 .text.__sfputc_r
                0x0800613c       0x2a C:/PROGRA~2/Arm GNU Toolchain arm-none-eabi/13.3 rel1/bin/../lib/gcc/arm-none-eabi/13.3.1/thumb/v7-m/nofp\libg_nano.a(libc_a-nano-vfprintf.o)
 .text.__sfputs_r
                0x08006166       0x24 C:/PROGRA~2/Arm GNU Toolchain arm-none-eabi/13.3 rel1/bin/../lib/gcc/arm-none-eabi/13.3.1/thumb/v7-m/nofp\libg_nano.a(libc_a-nano-vfprintf.o)
                0x08006166                __sfputs_r
 *fill*         0x0800618a        0x2 
 .text._vfprintf_r
                0x0800618c      0x230 C:/PROGRA~2/Arm GNU Toolchain arm-none-eabi/13.3 rel1/bin/../lib/gcc/arm-none-eabi/13.3.1/thumb/v7-m/nofp\libg_nano.a(libc_a-nano-vfprintf.o)
                0x0800618c                _vfprintf_r
                0x0800618c                _vfiprintf_r
 .text.__sflush_r
                0x080063bc      0x100 C:/PROGRA~2/Arm GNU Toolchain arm-none-eabi/13.3 rel1/bin/../lib/gcc/arm-none-eabi/13.3.1/thumb/v7-m/nofp\libg_nano.a(libc_a-fflush.o)
                0x080063bc                __sflush_r
 .text._fflush_r
                0x080064bc       0x50 C:/PROGRA~2/Arm GNU Toolchain arm-none-eabi/13.3 rel1/bin/../lib/gcc/arm-none-eabi/13.3.1/thumb/v7-m/nofp\libg_nano.a(libc_a-fflush.o)
                0x080064bc                _fflush_r
 .text.__swhatbuf_r
                0x0800650c       0x4a C:/PROGRA~2/Arm GNU Toolchain arm-none-eabi/13.3 rel1/bin/../lib/gcc/arm-none-eabi/13.3.1/thumb/v7-m/nofp\libg_nano.a(libc_a-makebuf.o)
                0x0800650c                __swhatbuf_r
 .text.__smakebuf_r
                0x08006556       0x78 C:/PROGRA~2/Arm GNU Toolchain arm-none-eabi/13.3 rel1/bin/../lib/gcc/arm-none-eabi/13.3.1/thumb/v7-m/nofp\libg_nano.a(libc_a-makebuf.o)
                0x08006556                __smakebuf_r
 *fill*         0x080065ce        0x2 
 .text._fstat_r
                0x080065d0       0x24 C:/PROGRA~2/Arm GNU Toolchain arm-none-eabi/13.3 rel1/bin/../lib/gcc/arm-none-eabi/13.3.1/thumb/v7-m/nofp\libg_nano.a(libc_a-fstatr.o)
                0x080065d0                _fstat_r
 .text._isatty_r
                0x080065f4       0x20 C:/PROGRA~2/Arm GNU Toolchain arm-none-eabi/13.3 rel1/bin/../lib/gcc/arm-none-eabi/13.3.1/thumb/v7-m/nofp\libg_nano.a(libc_a-isattyr.o)
                0x080065f4                _isatty_r
 .text._sbrk_r  0x08006614       0x20 C:/PROGRA~2/Arm GNU Toolchain arm-none-eabi/13.3 rel1/bin/../lib/gcc/arm-none-eabi/13.3.1/thumb/v7-m/nofp\libg_nano.a(libc_a-sbrkr.o)
                0x08006614                _sbrk_r
 .text.memcpy   0x08006634       0x1c C:/PROGRA~2/Arm GNU Toolchain arm-none-eabi/13.3 rel1/bin/../lib/gcc/arm-none-eabi/13.3.1/thumb/v7-m/nofp\libg_nano.a(libc_a-memcpy-stub.o)
                0x08006634                memcpy
 .text.__assert_func
                0x08006650       0x3c C:/PROGRA~2/Arm GNU Toolchain arm-none-eabi/13.3 rel1/bin/../lib/gcc/arm-none-eabi/13.3.1/thumb/v7-m/nofp\libg_nano.a(libc_a-assert.o)
                0x08006650                __assert_func
 .text._calloc_r
                0x0800668c       0x28 C:/PROGRA~2/Arm GNU Toolchain arm-none-eabi/13.3 rel1/bin/../lib/gcc/arm-none-eabi/13.3.1/thumb/v7-m/nofp\libg_nano.a(libc_a-callocr.o)
                0x0800668c                _calloc_r
 .text.__ascii_mbtowc
                0x080066b4       0x24 C:/PROGRA~2/Arm GNU Toolchain arm-none-eabi/13.3 rel1/bin/../lib/gcc/arm-none-eabi/13.3.1/thumb/v7-m/nofp\libg_nano.a(libc_a-mbtowc_r.o)
                0x080066b4                __ascii_mbtowc
 .text.__ascii_wctomb
                0x080066d8       0x1a C:/PROGRA~2/Arm GNU Toolchain arm-none-eabi/13.3 rel1/bin/../lib/gcc/arm-none-eabi/13.3.1/thumb/v7-m/nofp\libg_nano.a(libc_a-wctomb_r.o)
                0x080066d8                __ascii_wctomb
 *fill*         0x080066f2        0x2 
 .text.fprintf  0x080066f4       0x24 C:/PROGRA~2/Arm GNU Toolchain arm-none-eabi/13.3 rel1/bin/../lib/gcc/arm-none-eabi/13.3.1/thumb/v7-m/nofp\libg_nano.a(libc_a-fprintf.o)
                0x080066f4                fiprintf
                0x080066f4                fprintf
 .text.abort    0x08006718        0xe C:/PROGRA~2/Arm GNU Toolchain arm-none-eabi/13.3 rel1/bin/../lib/gcc/arm-none-eabi/13.3.1/thumb/v7-m/nofp\libg_nano.a(libc_a-abort.o)
                0x08006718                abort
 .text._raise_r
                0x08006726       0x50 C:/PROGRA~2/Arm GNU Toolchain arm-none-eabi/13.3 rel1/bin/../lib/gcc/arm-none-eabi/13.3.1/thumb/v7-m/nofp\libg_nano.a(libc_a-signal.o)
                0x08006726                _raise_r
 *fill*         0x08006776        0x2 
 .text.raise    0x08006778       0x10 C:/PROGRA~2/Arm GNU Toolchain arm-none-eabi/13.3 rel1/bin/../lib/gcc/arm-none-eabi/13.3.1/thumb/v7-m/nofp\libg_nano.a(libc_a-signal.o)
                0x08006778                raise
 .text._kill_r  0x08006788       0x24 C:/PROGRA~2/Arm GNU Toolchain arm-none-eabi/13.3 rel1/bin/../lib/gcc/arm-none-eabi/13.3.1/thumb/v7-m/nofp\libg_nano.a(libc_a-signalr.o)
                0x08006788                _kill_r
 .text._getpid_r
                0x080067ac        0x4 C:/PROGRA~2/Arm GNU Toolchain arm-none-eabi/13.3 rel1/bin/../lib/gcc/arm-none-eabi/13.3.1/thumb/v7-m/nofp\libg_nano.a(libc_a-signalr.o)
                0x080067ac                _getpid_r
 .text._fstat   0x080067b0       0x10 C:/PROGRA~2/Arm GNU Toolchain arm-none-eabi/13.3 rel1/bin/../lib/gcc/arm-none-eabi/13.3.1/thumb/v7-m/nofp\libnosys.a(fstat.o)
                0x080067b0                _fstat
 .text._getpid  0x080067c0       0x10 C:/PROGRA~2/Arm GNU Toolchain arm-none-eabi/13.3 rel1/bin/../lib/gcc/arm-none-eabi/13.3.1/thumb/v7-m/nofp\libnosys.a(getpid.o)
                0x080067c0                _getpid
 .text._kill    0x080067d0       0x10 C:/PROGRA~2/Arm GNU Toolchain arm-none-eabi/13.3 rel1/bin/../lib/gcc/arm-none-eabi/13.3.1/thumb/v7-m/nofp\libnosys.a(kill.o)
                0x080067d0                _kill
 .text._sbrk    0x080067e0       0x1c C:/PROGRA~2/Arm GNU Toolchain arm-none-eabi/13.3 rel1/bin/../lib/gcc/arm-none-eabi/13.3.1/thumb/v7-m/nofp\libnosys.a(sbrk.o)
                0x080067e0                _sbrk
 .text._exit    0x080067fc        0x4 C:/PROGRA~2/Arm GNU Toolchain arm-none-eabi/13.3 rel1/bin/../lib/gcc/arm-none-eabi/13.3.1/thumb/v7-m/nofp\libnosys.a(_exit.o)
                0x080067fc                _exit
 *(.glue_7)
 .glue_7        0x08006800        0x0 linker stubs
 *(.glue_7t)
 .glue_7t       0x08006800        0x0 linker stubs
 *(.eh_frame)
 .eh_frame      0x08006800        0x0 C:/PROGRA~2/Arm GNU Toolchain arm-none-eabi/13.3 rel1/bin/../lib/gcc/arm-none-eabi/13.3.1/thumb/v7-m/nofp/crtbegin.o
 *(.init)
 .init          0x08006800        0x4 C:/PROGRA~2/Arm GNU Toolchain arm-none-eabi/13.3 rel1/bin/../lib/gcc/arm-none-eabi/13.3.1/thumb/v7-m/nofp/crti.o
                0x08006800                _init
 .init          0x08006804        0x8 C:/PROGRA~2/Arm GNU Toolchain arm-none-eabi/13.3 rel1/bin/../lib/gcc/arm-none-eabi/13.3.1/thumb/v7-m/nofp/crtn.o
 *(.fini)
 .fini          0x0800680c        0x4 C:/PROGRA~2/Arm GNU Toolchain arm-none-eabi/13.3 rel1/bin/../lib/gcc/arm-none-eabi/13.3.1/thumb/v7-m/nofp/crti.o
                0x0800680c                _fini
 .fini          0x08006810        0x8 C:/PROGRA~2/Arm GNU Toolchain arm-none-eabi/13.3 rel1/bin/../lib/gcc/arm-none-eabi/13.3.1/thumb/v7-m/nofp/crtn.o
                0x08006818                        . = ALIGN (0x4)
                0x08006818                        _etext = .

.vfp11_veneer   0x08006818        0x0
 .vfp11_veneer  0x08006818        0x0 linker stubs

.v4_bx          0x08006818        0x0
 .v4_bx         0x08006818        0x0 linker stubs

.iplt           0x08006818        0x0
 .iplt          0x08006818        0x0 C:/PROGRA~2/Arm GNU Toolchain arm-none-eabi/13.3 rel1/bin/../lib/gcc/arm-none-eabi/13.3.1/thumb/v7-m/nofp/crtbegin.o

.rodata         0x08006818      0x3c4
                0x08006818                        . = ALIGN (0x4)
 *(.rodata)
 .rodata        0x08006818       0x36 CMakeFiles/STM32_BLDC_Hall.elf.dir/User_program/Timer.c.obj
 *(.rodata*)
 *fill*         0x0800684e        0x2 
 .rodata.APBAHBPrescTable
                0x08006850       0x10 CMakeFiles/STM32_BLDC_Hall.elf.dir/FWlib/src/stm32f10x_rcc.c.obj
 .rodata.ADCPrescTable
                0x08006860        0x4 CMakeFiles/STM32_BLDC_Hall.elf.dir/FWlib/src/stm32f10x_rcc.c.obj
 .rodata._printf_float.str1.1
                0x08006864      0x173 C:/PROGRA~2/Arm GNU Toolchain arm-none-eabi/13.3 rel1/bin/../lib/gcc/arm-none-eabi/13.3.1/thumb/v7-m/nofp\libg_nano.a(libc_a-nano-vfprintf_float.o)
                                 0x12 (size before relaxing)
 .rodata._printf_i.str1.1
                0x080069d7       0x22 C:/PROGRA~2/Arm GNU Toolchain arm-none-eabi/13.3 rel1/bin/../lib/gcc/arm-none-eabi/13.3.1/thumb/v7-m/nofp\libg_nano.a(libc_a-nano-vfprintf_i.o)
 .rodata._dtoa_r.str1.1
                0x080069d7       0x90 C:/PROGRA~2/Arm GNU Toolchain arm-none-eabi/13.3 rel1/bin/../lib/gcc/arm-none-eabi/13.3.1/thumb/v7-m/nofp\libg_nano.a(libc_a-dtoa.o)
 .rodata._Balloc.str1.1
                0x080069d7       0x71 C:/PROGRA~2/Arm GNU Toolchain arm-none-eabi/13.3 rel1/bin/../lib/gcc/arm-none-eabi/13.3.1/thumb/v7-m/nofp\libg_nano.a(libc_a-mprec.o)
 .rodata.__multadd.str1.1
                0x080069d7       0x11 C:/PROGRA~2/Arm GNU Toolchain arm-none-eabi/13.3 rel1/bin/../lib/gcc/arm-none-eabi/13.3.1/thumb/v7-m/nofp\libg_nano.a(libc_a-mprec.o)
 *fill*         0x080069d7        0x1 
 .rodata.p05.0  0x080069d8        0xc C:/PROGRA~2/Arm GNU Toolchain arm-none-eabi/13.3 rel1/bin/../lib/gcc/arm-none-eabi/13.3.1/thumb/v7-m/nofp\libg_nano.a(libc_a-mprec.o)
 *fill*         0x080069e4        0x4 
 .rodata.__mprec_bigtens
                0x080069e8       0x28 C:/PROGRA~2/Arm GNU Toolchain arm-none-eabi/13.3 rel1/bin/../lib/gcc/arm-none-eabi/13.3.1/thumb/v7-m/nofp\libg_nano.a(libc_a-mprec.o)
                0x080069e8                __mprec_bigtens
 .rodata.__mprec_tens
                0x08006a10       0xc8 C:/PROGRA~2/Arm GNU Toolchain arm-none-eabi/13.3 rel1/bin/../lib/gcc/arm-none-eabi/13.3.1/thumb/v7-m/nofp\libg_nano.a(libc_a-mprec.o)
                0x08006a10                __mprec_tens
 .rodata._vfprintf_r.str1.1
                0x08006ad8       0x11 C:/PROGRA~2/Arm GNU Toolchain arm-none-eabi/13.3 rel1/bin/../lib/gcc/arm-none-eabi/13.3.1/thumb/v7-m/nofp\libg_nano.a(libc_a-nano-vfprintf.o)
 .rodata._setlocale_r.str1.1
                0x08006ad8        0x9 C:/PROGRA~2/Arm GNU Toolchain arm-none-eabi/13.3 rel1/bin/../lib/gcc/arm-none-eabi/13.3.1/thumb/v7-m/nofp\libg_nano.a(libc_a-locale.o)
 .rodata.str1.1
                0x08006ad8        0x2 C:/PROGRA~2/Arm GNU Toolchain arm-none-eabi/13.3 rel1/bin/../lib/gcc/arm-none-eabi/13.3.1/thumb/v7-m/nofp\libg_nano.a(libc_a-locale.o)
 .rodata.__assert_func.str1.1
                0x08006ad8       0x3d C:/PROGRA~2/Arm GNU Toolchain arm-none-eabi/13.3 rel1/bin/../lib/gcc/arm-none-eabi/13.3.1/thumb/v7-m/nofp\libg_nano.a(libc_a-assert.o)
 .rodata._ctype_
                0x08006ad8      0x101 C:/PROGRA~2/Arm GNU Toolchain arm-none-eabi/13.3 rel1/bin/../lib/gcc/arm-none-eabi/13.3.1/thumb/v7-m/nofp\libg_nano.a(libc_a-ctype_.o)
                0x08006ad8                _ctype_
                0x08006bdc                        . = ALIGN (0x4)
 *fill*         0x08006bd9        0x3 

.ARM.extab
 *(.ARM.extab* .gnu.linkonce.armextab.*)

.ARM            0x08006bdc        0x8
                0x08006bdc                        __exidx_start = .
 *(.ARM.exidx*)
 .ARM.exidx     0x08006bdc        0x8 C:/PROGRA~2/Arm GNU Toolchain arm-none-eabi/13.3 rel1/bin/../lib/gcc/arm-none-eabi/13.3.1/thumb/v7-m/nofp\libg_nano.a(libc_a-strlen.o)
                0x08006be4                        __exidx_end = .

.rel.dyn        0x08006be4        0x0
 .rel.iplt      0x08006be4        0x0 C:/PROGRA~2/Arm GNU Toolchain arm-none-eabi/13.3 rel1/bin/../lib/gcc/arm-none-eabi/13.3.1/thumb/v7-m/nofp/crtbegin.o

.preinit_array  0x08006be4        0x0
                0x08006be4                        PROVIDE (__preinit_array_start = .)
 *(.preinit_array*)
                0x08006be4                        PROVIDE (__preinit_array_end = .)

.init_array     0x08006be4        0x4
                0x08006be4                        PROVIDE (__init_array_start = .)
 *(SORT_BY_NAME(.init_array.*))
 *(.init_array*)
 .init_array    0x08006be4        0x4 C:/PROGRA~2/Arm GNU Toolchain arm-none-eabi/13.3 rel1/bin/../lib/gcc/arm-none-eabi/13.3.1/thumb/v7-m/nofp/crtbegin.o
                0x08006be8                        PROVIDE (__init_array_end = .)

.fini_array     0x08006be8        0x4
                [!provide]                        PROVIDE (__fini_array_start = .)
 *(SORT_BY_NAME(.fini_array.*))
 *(.fini_array*)
 .fini_array    0x08006be8        0x4 C:/PROGRA~2/Arm GNU Toolchain arm-none-eabi/13.3 rel1/bin/../lib/gcc/arm-none-eabi/13.3.1/thumb/v7-m/nofp/crtbegin.o
                [!provide]                        PROVIDE (__fini_array_end = .)
                0x08006bec                        _sidata = LOADADDR (.data)

.data           0x20000000      0x25c load address 0x08006bec
                0x20000000                        . = ALIGN (0x4)
                0x20000000                        _sdata = .
 *(.data)
 *(.data*)
 .data.BUS_CurrProtection
                0x20000000        0x2 CMakeFiles/STM32_BLDC_Hall.elf.dir/User_program/ADC_int.c.obj
                0x20000000                BUS_CurrProtection
 .data.BEFHallK1
                0x20000002        0x2 CMakeFiles/STM32_BLDC_Hall.elf.dir/User_program/BEF_Hall.c.obj
                0x20000002                BEFHallK1
 .data.BEFHallK2
                0x20000004        0x2 CMakeFiles/STM32_BLDC_Hall.elf.dir/User_program/BEF_Hall.c.obj
                0x20000004                BEFHallK2
 .data.FilK1    0x20000006        0x2 CMakeFiles/STM32_BLDC_Hall.elf.dir/User_program/Tim1_ISR_MCLoop.c.obj
                0x20000006                FilK1
 .data.FilK2    0x20000008        0x2 CMakeFiles/STM32_BLDC_Hall.elf.dir/User_program/Tim1_ISR_MCLoop.c.obj
                0x20000008                FilK2
 *fill*         0x2000000a        0x2 
 .data.pi_spd   0x2000000c       0x30 CMakeFiles/STM32_BLDC_Hall.elf.dir/main.c.obj
                0x2000000c                pi_spd
 .data.ADCSampPare
                0x2000003c       0x2c CMakeFiles/STM32_BLDC_Hall.elf.dir/main.c.obj
                0x2000003c                ADCSampPare
 .data.BEF_ThreeCAP
                0x20000068       0x28 CMakeFiles/STM32_BLDC_Hall.elf.dir/main.c.obj
                0x20000068                BEF_ThreeCAP
 .data.SystemCoreClock
                0x20000090        0x4 CMakeFiles/STM32_BLDC_Hall.elf.dir/CMSIS/system_stm32f10x.c.obj
                0x20000090                SystemCoreClock
 .data.__sglue  0x20000094        0xc C:/PROGRA~2/Arm GNU Toolchain arm-none-eabi/13.3 rel1/bin/../lib/gcc/arm-none-eabi/13.3.1/thumb/v7-m/nofp\libg_nano.a(libc_a-findfp.o)
                0x20000094                __sglue
 .data._impure_ptr
                0x200000a0        0x4 C:/PROGRA~2/Arm GNU Toolchain arm-none-eabi/13.3 rel1/bin/../lib/gcc/arm-none-eabi/13.3.1/thumb/v7-m/nofp\libg_nano.a(libc_a-impure.o)
                0x200000a0                _impure_ptr
 .data._impure_data
                0x200000a4       0x4c C:/PROGRA~2/Arm GNU Toolchain arm-none-eabi/13.3 rel1/bin/../lib/gcc/arm-none-eabi/13.3.1/thumb/v7-m/nofp\libg_nano.a(libc_a-impure.o)
                0x200000a4                _impure_data
 .data.__global_locale
                0x200000f0      0x16c C:/PROGRA~2/Arm GNU Toolchain arm-none-eabi/13.3 rel1/bin/../lib/gcc/arm-none-eabi/13.3.1/thumb/v7-m/nofp\libg_nano.a(libc_a-locale.o)
                0x200000f0                __global_locale
                0x2000025c                        . = ALIGN (0x4)
                0x2000025c                        _edata = .

.tm_clone_table
                0x2000025c        0x0 load address 0x08006e48
 .tm_clone_table
                0x2000025c        0x0 C:/PROGRA~2/Arm GNU Toolchain arm-none-eabi/13.3 rel1/bin/../lib/gcc/arm-none-eabi/13.3.1/thumb/v7-m/nofp/crtbegin.o
 .tm_clone_table
                0x2000025c        0x0 C:/PROGRA~2/Arm GNU Toolchain arm-none-eabi/13.3 rel1/bin/../lib/gcc/arm-none-eabi/13.3.1/thumb/v7-m/nofp/crtend.o

.igot.plt       0x2000025c        0x0 load address 0x08006e48
 .igot.plt      0x2000025c        0x0 C:/PROGRA~2/Arm GNU Toolchain arm-none-eabi/13.3 rel1/bin/../lib/gcc/arm-none-eabi/13.3.1/thumb/v7-m/nofp/crtbegin.o
                0x2000025c                        . = ALIGN (0x4)

.bss            0x2000025c      0x3ec load address 0x08006e48
                0x2000025c                        _sbss = .
                0x2000025c                        __bss_start__ = _sbss
 *(.bss)
 *(.bss*)
 .bss.completed.1
                0x2000025c        0x1 C:/PROGRA~2/Arm GNU Toolchain arm-none-eabi/13.3 rel1/bin/../lib/gcc/arm-none-eabi/13.3.1/thumb/v7-m/nofp/crtbegin.o
 *fill*         0x2000025d        0x3 
 .bss.object.0  0x20000260       0x18 C:/PROGRA~2/Arm GNU Toolchain arm-none-eabi/13.3 rel1/bin/../lib/gcc/arm-none-eabi/13.3.1/thumb/v7-m/nofp/crtbegin.o
 .bss.ADC_ConvertedValue
                0x20000278        0xa CMakeFiles/STM32_BLDC_Hall.elf.dir/User_program/ADC_int.c.obj
                0x20000278                ADC_ConvertedValue
 .bss.i.3       0x20000282        0x1 CMakeFiles/STM32_BLDC_Hall.elf.dir/User_program/ADC_int.c.obj
 *fill*         0x20000283        0x1 
 .bss.ADC_PhaseU_Curr.2
                0x20000284       0x80 CMakeFiles/STM32_BLDC_Hall.elf.dir/User_program/ADC_int.c.obj
 .bss.ADC_PhaseV_Curr.1
                0x20000304       0x80 CMakeFiles/STM32_BLDC_Hall.elf.dir/User_program/ADC_int.c.obj
 .bss.ADC_BUS_Curr.0
                0x20000384       0x80 CMakeFiles/STM32_BLDC_Hall.elf.dir/User_program/ADC_int.c.obj
 .bss.DUTY      0x20000404        0x2 CMakeFiles/STM32_BLDC_Hall.elf.dir/User_program/Tim1_PWM.c.obj
                0x20000404                DUTY
 *fill*         0x20000406        0x2 
 .bss.G_uart    0x20000408        0x4 CMakeFiles/STM32_BLDC_Hall.elf.dir/User_program/printf_uart.c.obj
                0x20000408                G_uart
 .bss.TestPare  0x2000040c       0x28 CMakeFiles/STM32_BLDC_Hall.elf.dir/main.c.obj
                0x2000040c                TestPare
 .bss.TaskTimePare
                0x20000434       0x18 CMakeFiles/STM32_BLDC_Hall.elf.dir/main.c.obj
                0x20000434                TaskTimePare
 .bss.logicContr
                0x2000044c        0xa CMakeFiles/STM32_BLDC_Hall.elf.dir/main.c.obj
                0x2000044c                logicContr
 *fill*         0x20000456        0x2 
 .bss.VF_startPare
                0x20000458       0x1a CMakeFiles/STM32_BLDC_Hall.elf.dir/main.c.obj
                0x20000458                VF_startPare
 *fill*         0x20000472        0x2 
 .bss.uart_rx_buffer
                0x20000474       0x80 CMakeFiles/STM32_BLDC_Hall.elf.dir/main.c.obj
                0x20000474                uart_rx_buffer
 .bss.uart_rx_write_ptr
                0x200004f4        0x2 CMakeFiles/STM32_BLDC_Hall.elf.dir/main.c.obj
                0x200004f4                uart_rx_write_ptr
 .bss.uart_rx_line_complete
                0x200004f6        0x1 CMakeFiles/STM32_BLDC_Hall.elf.dir/main.c.obj
                0x200004f6                uart_rx_line_complete
 *fill*         0x200004f7        0x1 
 .bss.__sf      0x200004f8      0x138 C:/PROGRA~2/Arm GNU Toolchain arm-none-eabi/13.3 rel1/bin/../lib/gcc/arm-none-eabi/13.3.1/thumb/v7-m/nofp\libg_nano.a(libc_a-findfp.o)
                0x200004f8                __sf
 .bss.__stdio_exit_handler
                0x20000630        0x4 C:/PROGRA~2/Arm GNU Toolchain arm-none-eabi/13.3 rel1/bin/../lib/gcc/arm-none-eabi/13.3.1/thumb/v7-m/nofp\libg_nano.a(libc_a-findfp.o)
                0x20000630                __stdio_exit_handler
 .bss.errno     0x20000634        0x4 C:/PROGRA~2/Arm GNU Toolchain arm-none-eabi/13.3 rel1/bin/../lib/gcc/arm-none-eabi/13.3.1/thumb/v7-m/nofp\libg_nano.a(libc_a-reent.o)
                0x20000634                errno
 .bss.__lock___malloc_recursive_mutex
                0x20000638        0x1 C:/PROGRA~2/Arm GNU Toolchain arm-none-eabi/13.3 rel1/bin/../lib/gcc/arm-none-eabi/13.3.1/thumb/v7-m/nofp\libg_nano.a(libc_a-lock.o)
                0x20000638                __lock___malloc_recursive_mutex
 .bss.__lock___sfp_recursive_mutex
                0x20000639        0x1 C:/PROGRA~2/Arm GNU Toolchain arm-none-eabi/13.3 rel1/bin/../lib/gcc/arm-none-eabi/13.3.1/thumb/v7-m/nofp\libg_nano.a(libc_a-lock.o)
                0x20000639                __lock___sfp_recursive_mutex
 *fill*         0x2000063a        0x2 
 .bss.__malloc_sbrk_start
                0x2000063c        0x4 C:/PROGRA~2/Arm GNU Toolchain arm-none-eabi/13.3 rel1/bin/../lib/gcc/arm-none-eabi/13.3.1/thumb/v7-m/nofp\libg_nano.a(libc_a-mallocr.o)
                0x2000063c                __malloc_sbrk_start
 .bss.__malloc_free_list
                0x20000640        0x4 C:/PROGRA~2/Arm GNU Toolchain arm-none-eabi/13.3 rel1/bin/../lib/gcc/arm-none-eabi/13.3.1/thumb/v7-m/nofp\libg_nano.a(libc_a-mallocr.o)
                0x20000640                __malloc_free_list
 .bss.heap_end.0
                0x20000644        0x4 C:/PROGRA~2/Arm GNU Toolchain arm-none-eabi/13.3 rel1/bin/../lib/gcc/arm-none-eabi/13.3.1/thumb/v7-m/nofp\libnosys.a(sbrk.o)
 *(COMMON)
                0x20000648                        . = ALIGN (0x4)
                0x20000648                        _ebss = .
                0x20000648                        __bss_end__ = _ebss

._user_heap_stack
                0x20000648      0x600 load address 0x08006e48
                0x20000648                        . = ALIGN (0x8)
                0x20000648                        PROVIDE (end = .)
                [!provide]                        PROVIDE (_end = .)
                0x20000848                        . = (. + _Min_Heap_Size)
 *fill*         0x20000648      0x200 
                0x20000c48                        . = (. + _Min_Stack_Size)
 *fill*         0x20000848      0x400 
                0x20000c48                        . = ALIGN (0x8)

/DISCARD/
 libc.a(*)
 libm.a(*)
 libgcc.a(*)

.ARM.attributes
                0x00000000       0x29
 *(.ARM.attributes)
 .ARM.attributes
                0x00000000       0x1d C:/PROGRA~2/Arm GNU Toolchain arm-none-eabi/13.3 rel1/bin/../lib/gcc/arm-none-eabi/13.3.1/thumb/v7-m/nofp/crti.o
 .ARM.attributes
                0x0000001d       0x2d C:/PROGRA~2/Arm GNU Toolchain arm-none-eabi/13.3 rel1/bin/../lib/gcc/arm-none-eabi/13.3.1/thumb/v7-m/nofp/crtbegin.o
 .ARM.attributes
                0x0000004a       0x2d CMakeFiles/STM32_BLDC_Hall.elf.dir/User_program/ADC_int.c.obj
 .ARM.attributes
                0x00000077       0x2d CMakeFiles/STM32_BLDC_Hall.elf.dir/User_program/BEF_Hall.c.obj
 .ARM.attributes
                0x000000a4       0x2d CMakeFiles/STM32_BLDC_Hall.elf.dir/User_program/GPIO_int.c.obj
 .ARM.attributes
                0x000000d1       0x2d CMakeFiles/STM32_BLDC_Hall.elf.dir/User_program/IQ_math.c.obj
 .ARM.attributes
                0x000000fe       0x2d CMakeFiles/STM32_BLDC_Hall.elf.dir/User_program/PI_Cale.c.obj
 .ARM.attributes
                0x0000012b       0x2d CMakeFiles/STM32_BLDC_Hall.elf.dir/User_program/Task_function.c.obj
 .ARM.attributes
                0x00000158       0x2d CMakeFiles/STM32_BLDC_Hall.elf.dir/User_program/Tim1_ISR_MCLoop.c.obj
 .ARM.attributes
                0x00000185       0x2d CMakeFiles/STM32_BLDC_Hall.elf.dir/User_program/Tim1_PWM.c.obj
 .ARM.attributes
                0x000001b2       0x2d CMakeFiles/STM32_BLDC_Hall.elf.dir/User_program/Tim4_Encoder_PWMDAC.c.obj
 .ARM.attributes
                0x000001df       0x2d CMakeFiles/STM32_BLDC_Hall.elf.dir/User_program/Timer.c.obj
 .ARM.attributes
                0x0000020c       0x2d CMakeFiles/STM32_BLDC_Hall.elf.dir/User_program/VF_angle.c.obj
 .ARM.attributes
                0x00000239       0x2d CMakeFiles/STM32_BLDC_Hall.elf.dir/User_program/printf_uart.c.obj
 .ARM.attributes
                0x00000266       0x2d CMakeFiles/STM32_BLDC_Hall.elf.dir/FWlib/src/misc.c.obj
 .ARM.attributes
                0x00000293       0x2d CMakeFiles/STM32_BLDC_Hall.elf.dir/FWlib/src/stm32f10x_adc.c.obj
 .ARM.attributes
                0x000002c0       0x2d CMakeFiles/STM32_BLDC_Hall.elf.dir/FWlib/src/stm32f10x_dma.c.obj
 .ARM.attributes
                0x000002ed       0x2d CMakeFiles/STM32_BLDC_Hall.elf.dir/FWlib/src/stm32f10x_gpio.c.obj
 .ARM.attributes
                0x0000031a       0x2d CMakeFiles/STM32_BLDC_Hall.elf.dir/FWlib/src/stm32f10x_it.c.obj
 .ARM.attributes
                0x00000347       0x2d CMakeFiles/STM32_BLDC_Hall.elf.dir/FWlib/src/stm32f10x_rcc.c.obj
 .ARM.attributes
                0x00000374       0x2d CMakeFiles/STM32_BLDC_Hall.elf.dir/FWlib/src/stm32f10x_tim.c.obj
 .ARM.attributes
                0x000003a1       0x2d CMakeFiles/STM32_BLDC_Hall.elf.dir/FWlib/src/stm32f10x_usart.c.obj
 .ARM.attributes
                0x000003ce       0x2d CMakeFiles/STM32_BLDC_Hall.elf.dir/main.c.obj
 .ARM.attributes
                0x000003fb       0x21 CMakeFiles/STM32_BLDC_Hall.elf.dir/startup/startup_stm32f103xb.s.obj
 .ARM.attributes
                0x0000041c       0x2d CMakeFiles/STM32_BLDC_Hall.elf.dir/CMSIS/system_stm32f10x.c.obj
 .ARM.attributes
                0x00000449       0x2d C:/PROGRA~2/Arm GNU Toolchain arm-none-eabi/13.3 rel1/bin/../lib/gcc/arm-none-eabi/13.3.1/thumb/v7-m/nofp\libg_nano.a(libc_a-nano-vfprintf_float.o)
 .ARM.attributes
                0x00000476       0x2d C:/PROGRA~2/Arm GNU Toolchain arm-none-eabi/13.3 rel1/bin/../lib/gcc/arm-none-eabi/13.3.1/thumb/v7-m/nofp\libg_nano.a(libc_a-nano-vfprintf_i.o)
 .ARM.attributes
                0x000004a3       0x2d C:/PROGRA~2/Arm GNU Toolchain arm-none-eabi/13.3 rel1/bin/../lib/gcc/arm-none-eabi/13.3.1/thumb/v7-m/nofp\libg_nano.a(libc_a-findfp.o)
 .ARM.attributes
                0x000004d0       0x2d C:/PROGRA~2/Arm GNU Toolchain arm-none-eabi/13.3 rel1/bin/../lib/gcc/arm-none-eabi/13.3.1/thumb/v7-m/nofp\libg_nano.a(libc_a-fwalk.o)
 .ARM.attributes
                0x000004fd       0x2d C:/PROGRA~2/Arm GNU Toolchain arm-none-eabi/13.3 rel1/bin/../lib/gcc/arm-none-eabi/13.3.1/thumb/v7-m/nofp\libg_nano.a(libc_a-printf.o)
 .ARM.attributes
                0x0000052a       0x2d C:/PROGRA~2/Arm GNU Toolchain arm-none-eabi/13.3 rel1/bin/../lib/gcc/arm-none-eabi/13.3.1/thumb/v7-m/nofp\libg_nano.a(libc_a-setvbuf.o)
 .ARM.attributes
                0x00000557       0x2d C:/PROGRA~2/Arm GNU Toolchain arm-none-eabi/13.3 rel1/bin/../lib/gcc/arm-none-eabi/13.3.1/thumb/v7-m/nofp\libg_nano.a(libc_a-stdio.o)
 .ARM.attributes
                0x00000584       0x2d C:/PROGRA~2/Arm GNU Toolchain arm-none-eabi/13.3 rel1/bin/../lib/gcc/arm-none-eabi/13.3.1/thumb/v7-m/nofp\libg_nano.a(libc_a-wbuf.o)
 .ARM.attributes
                0x000005b1       0x2d C:/PROGRA~2/Arm GNU Toolchain arm-none-eabi/13.3 rel1/bin/../lib/gcc/arm-none-eabi/13.3.1/thumb/v7-m/nofp\libg_nano.a(libc_a-wsetup.o)
 .ARM.attributes
                0x000005de       0x2d C:/PROGRA~2/Arm GNU Toolchain arm-none-eabi/13.3 rel1/bin/../lib/gcc/arm-none-eabi/13.3.1/thumb/v7-m/nofp\libg_nano.a(libc_a-memset.o)
 .ARM.attributes
                0x0000060b       0x2d C:/PROGRA~2/Arm GNU Toolchain arm-none-eabi/13.3 rel1/bin/../lib/gcc/arm-none-eabi/13.3.1/thumb/v7-m/nofp\libg_nano.a(libc_a-localeconv.o)
 .ARM.attributes
                0x00000638       0x2d C:/PROGRA~2/Arm GNU Toolchain arm-none-eabi/13.3 rel1/bin/../lib/gcc/arm-none-eabi/13.3.1/thumb/v7-m/nofp\libg_nano.a(libc_a-closer.o)
 .ARM.attributes
                0x00000665       0x2d C:/PROGRA~2/Arm GNU Toolchain arm-none-eabi/13.3 rel1/bin/../lib/gcc/arm-none-eabi/13.3.1/thumb/v7-m/nofp\libg_nano.a(libc_a-reent.o)
 .ARM.attributes
                0x00000692       0x2d C:/PROGRA~2/Arm GNU Toolchain arm-none-eabi/13.3 rel1/bin/../lib/gcc/arm-none-eabi/13.3.1/thumb/v7-m/nofp\libg_nano.a(libc_a-impure.o)
 .ARM.attributes
                0x000006bf       0x2d C:/PROGRA~2/Arm GNU Toolchain arm-none-eabi/13.3 rel1/bin/../lib/gcc/arm-none-eabi/13.3.1/thumb/v7-m/nofp\libg_nano.a(libc_a-lseekr.o)
 .ARM.attributes
                0x000006ec       0x2d C:/PROGRA~2/Arm GNU Toolchain arm-none-eabi/13.3 rel1/bin/../lib/gcc/arm-none-eabi/13.3.1/thumb/v7-m/nofp\libg_nano.a(libc_a-readr.o)
 .ARM.attributes
                0x00000719       0x2d C:/PROGRA~2/Arm GNU Toolchain arm-none-eabi/13.3 rel1/bin/../lib/gcc/arm-none-eabi/13.3.1/thumb/v7-m/nofp\libg_nano.a(libc_a-writer.o)
 .ARM.attributes
                0x00000746       0x2d C:/PROGRA~2/Arm GNU Toolchain arm-none-eabi/13.3 rel1/bin/../lib/gcc/arm-none-eabi/13.3.1/thumb/v7-m/nofp\libg_nano.a(libc_a-init.o)
 .ARM.attributes
                0x00000773       0x2d C:/PROGRA~2/Arm GNU Toolchain arm-none-eabi/13.3 rel1/bin/../lib/gcc/arm-none-eabi/13.3.1/thumb/v7-m/nofp\libg_nano.a(libc_a-lock.o)
 .ARM.attributes
                0x000007a0       0x2d C:/PROGRA~2/Arm GNU Toolchain arm-none-eabi/13.3 rel1/bin/../lib/gcc/arm-none-eabi/13.3.1/thumb/v7-m/nofp\libg_nano.a(libc_a-memchr-stub.o)
 .ARM.attributes
                0x000007cd       0x17 C:/PROGRA~2/Arm GNU Toolchain arm-none-eabi/13.3 rel1/bin/../lib/gcc/arm-none-eabi/13.3.1/thumb/v7-m/nofp\libg_nano.a(libc_a-strlen.o)
 .ARM.attributes
                0x000007e4       0x2d C:/PROGRA~2/Arm GNU Toolchain arm-none-eabi/13.3 rel1/bin/../lib/gcc/arm-none-eabi/13.3.1/thumb/v7-m/nofp\libg_nano.a(libc_a-dtoa.o)
 .ARM.attributes
                0x00000811       0x2d C:/PROGRA~2/Arm GNU Toolchain arm-none-eabi/13.3 rel1/bin/../lib/gcc/arm-none-eabi/13.3.1/thumb/v7-m/nofp\libg_nano.a(libc_a-freer.o)
 .ARM.attributes
                0x0000083e       0x2d C:/PROGRA~2/Arm GNU Toolchain arm-none-eabi/13.3 rel1/bin/../lib/gcc/arm-none-eabi/13.3.1/thumb/v7-m/nofp\libg_nano.a(libc_a-malloc.o)
 .ARM.attributes
                0x0000086b       0x2d C:/PROGRA~2/Arm GNU Toolchain arm-none-eabi/13.3 rel1/bin/../lib/gcc/arm-none-eabi/13.3.1/thumb/v7-m/nofp\libg_nano.a(libc_a-mallocr.o)
 .ARM.attributes
                0x00000898       0x2d C:/PROGRA~2/Arm GNU Toolchain arm-none-eabi/13.3 rel1/bin/../lib/gcc/arm-none-eabi/13.3.1/thumb/v7-m/nofp\libg_nano.a(libc_a-mlock.o)
 .ARM.attributes
                0x000008c5       0x2d C:/PROGRA~2/Arm GNU Toolchain arm-none-eabi/13.3 rel1/bin/../lib/gcc/arm-none-eabi/13.3.1/thumb/v7-m/nofp\libg_nano.a(libc_a-mprec.o)
 .ARM.attributes
                0x000008f2       0x2d C:/PROGRA~2/Arm GNU Toolchain arm-none-eabi/13.3 rel1/bin/../lib/gcc/arm-none-eabi/13.3.1/thumb/v7-m/nofp\libg_nano.a(libc_a-nano-vfprintf.o)
 .ARM.attributes
                0x0000091f       0x2d C:/PROGRA~2/Arm GNU Toolchain arm-none-eabi/13.3 rel1/bin/../lib/gcc/arm-none-eabi/13.3.1/thumb/v7-m/nofp\libg_nano.a(libc_a-fflush.o)
 .ARM.attributes
                0x0000094c       0x2d C:/PROGRA~2/Arm GNU Toolchain arm-none-eabi/13.3 rel1/bin/../lib/gcc/arm-none-eabi/13.3.1/thumb/v7-m/nofp\libg_nano.a(libc_a-makebuf.o)
 .ARM.attributes
                0x00000979       0x2d C:/PROGRA~2/Arm GNU Toolchain arm-none-eabi/13.3 rel1/bin/../lib/gcc/arm-none-eabi/13.3.1/thumb/v7-m/nofp\libg_nano.a(libc_a-locale.o)
 .ARM.attributes
                0x000009a6       0x2d C:/PROGRA~2/Arm GNU Toolchain arm-none-eabi/13.3 rel1/bin/../lib/gcc/arm-none-eabi/13.3.1/thumb/v7-m/nofp\libg_nano.a(libc_a-fstatr.o)
 .ARM.attributes
                0x000009d3       0x2d C:/PROGRA~2/Arm GNU Toolchain arm-none-eabi/13.3 rel1/bin/../lib/gcc/arm-none-eabi/13.3.1/thumb/v7-m/nofp\libg_nano.a(libc_a-isattyr.o)
 .ARM.attributes
                0x00000a00       0x2d C:/PROGRA~2/Arm GNU Toolchain arm-none-eabi/13.3 rel1/bin/../lib/gcc/arm-none-eabi/13.3.1/thumb/v7-m/nofp\libg_nano.a(libc_a-sbrkr.o)
 .ARM.attributes
                0x00000a2d       0x2d C:/PROGRA~2/Arm GNU Toolchain arm-none-eabi/13.3 rel1/bin/../lib/gcc/arm-none-eabi/13.3.1/thumb/v7-m/nofp\libg_nano.a(libc_a-memcpy-stub.o)
 .ARM.attributes
                0x00000a5a       0x2d C:/PROGRA~2/Arm GNU Toolchain arm-none-eabi/13.3 rel1/bin/../lib/gcc/arm-none-eabi/13.3.1/thumb/v7-m/nofp\libg_nano.a(libc_a-assert.o)
 .ARM.attributes
                0x00000a87       0x2d C:/PROGRA~2/Arm GNU Toolchain arm-none-eabi/13.3 rel1/bin/../lib/gcc/arm-none-eabi/13.3.1/thumb/v7-m/nofp\libg_nano.a(libc_a-callocr.o)
 .ARM.attributes
                0x00000ab4       0x2d C:/PROGRA~2/Arm GNU Toolchain arm-none-eabi/13.3 rel1/bin/../lib/gcc/arm-none-eabi/13.3.1/thumb/v7-m/nofp\libg_nano.a(libc_a-mbtowc_r.o)
 .ARM.attributes
                0x00000ae1       0x2d C:/PROGRA~2/Arm GNU Toolchain arm-none-eabi/13.3 rel1/bin/../lib/gcc/arm-none-eabi/13.3.1/thumb/v7-m/nofp\libg_nano.a(libc_a-wctomb_r.o)
 .ARM.attributes
                0x00000b0e       0x2d C:/PROGRA~2/Arm GNU Toolchain arm-none-eabi/13.3 rel1/bin/../lib/gcc/arm-none-eabi/13.3.1/thumb/v7-m/nofp\libg_nano.a(libc_a-ctype_.o)
 .ARM.attributes
                0x00000b3b       0x2d C:/PROGRA~2/Arm GNU Toolchain arm-none-eabi/13.3 rel1/bin/../lib/gcc/arm-none-eabi/13.3.1/thumb/v7-m/nofp\libg_nano.a(libc_a-fprintf.o)
 .ARM.attributes
                0x00000b68       0x2d C:/PROGRA~2/Arm GNU Toolchain arm-none-eabi/13.3 rel1/bin/../lib/gcc/arm-none-eabi/13.3.1/thumb/v7-m/nofp\libg_nano.a(libc_a-abort.o)
 .ARM.attributes
                0x00000b95       0x2d C:/PROGRA~2/Arm GNU Toolchain arm-none-eabi/13.3 rel1/bin/../lib/gcc/arm-none-eabi/13.3.1/thumb/v7-m/nofp\libg_nano.a(libc_a-signal.o)
 .ARM.attributes
                0x00000bc2       0x2d C:/PROGRA~2/Arm GNU Toolchain arm-none-eabi/13.3 rel1/bin/../lib/gcc/arm-none-eabi/13.3.1/thumb/v7-m/nofp\libg_nano.a(libc_a-signalr.o)
 .ARM.attributes
                0x00000bef       0x1d C:/PROGRA~2/Arm GNU Toolchain arm-none-eabi/13.3 rel1/bin/../lib/gcc/arm-none-eabi/13.3.1/thumb/v7-m/nofp\libgcc.a(_arm_addsubdf3.o)
 .ARM.attributes
                0x00000c0c       0x1d C:/PROGRA~2/Arm GNU Toolchain arm-none-eabi/13.3 rel1/bin/../lib/gcc/arm-none-eabi/13.3.1/thumb/v7-m/nofp\libgcc.a(_arm_muldivdf3.o)
 .ARM.attributes
                0x00000c29       0x1d C:/PROGRA~2/Arm GNU Toolchain arm-none-eabi/13.3 rel1/bin/../lib/gcc/arm-none-eabi/13.3.1/thumb/v7-m/nofp\libgcc.a(_arm_cmpdf2.o)
 .ARM.attributes
                0x00000c46       0x1d C:/PROGRA~2/Arm GNU Toolchain arm-none-eabi/13.3 rel1/bin/../lib/gcc/arm-none-eabi/13.3.1/thumb/v7-m/nofp\libgcc.a(_arm_unorddf2.o)
 .ARM.attributes
                0x00000c63       0x1d C:/PROGRA~2/Arm GNU Toolchain arm-none-eabi/13.3 rel1/bin/../lib/gcc/arm-none-eabi/13.3.1/thumb/v7-m/nofp\libgcc.a(_arm_fixdfsi.o)
 .ARM.attributes
                0x00000c80       0x2d C:/PROGRA~2/Arm GNU Toolchain arm-none-eabi/13.3 rel1/bin/../lib/gcc/arm-none-eabi/13.3.1/thumb/v7-m/nofp\libnosys.a(fstat.o)
 .ARM.attributes
                0x00000cad       0x2d C:/PROGRA~2/Arm GNU Toolchain arm-none-eabi/13.3 rel1/bin/../lib/gcc/arm-none-eabi/13.3.1/thumb/v7-m/nofp\libnosys.a(getpid.o)
 .ARM.attributes
                0x00000cda       0x2d C:/PROGRA~2/Arm GNU Toolchain arm-none-eabi/13.3 rel1/bin/../lib/gcc/arm-none-eabi/13.3.1/thumb/v7-m/nofp\libnosys.a(kill.o)
 .ARM.attributes
                0x00000d07       0x2d C:/PROGRA~2/Arm GNU Toolchain arm-none-eabi/13.3 rel1/bin/../lib/gcc/arm-none-eabi/13.3.1/thumb/v7-m/nofp\libnosys.a(sbrk.o)
 .ARM.attributes
                0x00000d34       0x2d C:/PROGRA~2/Arm GNU Toolchain arm-none-eabi/13.3 rel1/bin/../lib/gcc/arm-none-eabi/13.3.1/thumb/v7-m/nofp\libnosys.a(_exit.o)
 .ARM.attributes
                0x00000d61       0x2d C:/PROGRA~2/Arm GNU Toolchain arm-none-eabi/13.3 rel1/bin/../lib/gcc/arm-none-eabi/13.3.1/thumb/v7-m/nofp/crtend.o
 .ARM.attributes
                0x00000d8e       0x1d C:/PROGRA~2/Arm GNU Toolchain arm-none-eabi/13.3 rel1/bin/../lib/gcc/arm-none-eabi/13.3.1/thumb/v7-m/nofp/crtn.o
OUTPUT(STM32_BLDC_Hall.elf elf32-littlearm)
LOAD linker stubs
LOAD C:/PROGRA~2/Arm GNU Toolchain arm-none-eabi/13.3 rel1/bin/../lib/gcc/arm-none-eabi/13.3.1/thumb/v7-m/nofp\libc.a
LOAD C:/PROGRA~2/Arm GNU Toolchain arm-none-eabi/13.3 rel1/bin/../lib/gcc/arm-none-eabi/13.3.1/thumb/v7-m/nofp\libm.a
LOAD C:/PROGRA~2/Arm GNU Toolchain arm-none-eabi/13.3 rel1/bin/../lib/gcc/arm-none-eabi/13.3.1/thumb/v7-m/nofp\libgcc.a

.debug_info     0x00000000     0xa531
 .debug_info    0x00000000      0x768 CMakeFiles/STM32_BLDC_Hall.elf.dir/User_program/ADC_int.c.obj
 .debug_info    0x00000768      0x336 CMakeFiles/STM32_BLDC_Hall.elf.dir/User_program/BEF_Hall.c.obj
 .debug_info    0x00000a9e      0x38a CMakeFiles/STM32_BLDC_Hall.elf.dir/User_program/GPIO_int.c.obj
 .debug_info    0x00000e28      0x2dc CMakeFiles/STM32_BLDC_Hall.elf.dir/User_program/IQ_math.c.obj
 .debug_info    0x00001104      0x193 CMakeFiles/STM32_BLDC_Hall.elf.dir/User_program/PI_Cale.c.obj
 .debug_info    0x00001297      0x2b3 CMakeFiles/STM32_BLDC_Hall.elf.dir/User_program/Task_function.c.obj
 .debug_info    0x0000154a      0x8d3 CMakeFiles/STM32_BLDC_Hall.elf.dir/User_program/Tim1_ISR_MCLoop.c.obj
 .debug_info    0x00001e1d      0x8d9 CMakeFiles/STM32_BLDC_Hall.elf.dir/User_program/Tim1_PWM.c.obj
 .debug_info    0x000026f6      0x517 CMakeFiles/STM32_BLDC_Hall.elf.dir/User_program/Tim4_Encoder_PWMDAC.c.obj
 .debug_info    0x00002c0d      0xc61 CMakeFiles/STM32_BLDC_Hall.elf.dir/User_program/Timer.c.obj
 .debug_info    0x0000386e      0x2d2 CMakeFiles/STM32_BLDC_Hall.elf.dir/User_program/VF_angle.c.obj
 .debug_info    0x00003b40      0xf73 CMakeFiles/STM32_BLDC_Hall.elf.dir/User_program/printf_uart.c.obj
 .debug_info    0x00004ab3      0x4e3 CMakeFiles/STM32_BLDC_Hall.elf.dir/FWlib/src/misc.c.obj
 .debug_info    0x00004f96      0xb3e CMakeFiles/STM32_BLDC_Hall.elf.dir/FWlib/src/stm32f10x_adc.c.obj
 .debug_info    0x00005ad4      0x432 CMakeFiles/STM32_BLDC_Hall.elf.dir/FWlib/src/stm32f10x_dma.c.obj
 .debug_info    0x00005f06      0x6cc CMakeFiles/STM32_BLDC_Hall.elf.dir/FWlib/src/stm32f10x_gpio.c.obj
 .debug_info    0x000065d2      0x2f0 CMakeFiles/STM32_BLDC_Hall.elf.dir/FWlib/src/stm32f10x_it.c.obj
 .debug_info    0x000068c2      0x854 CMakeFiles/STM32_BLDC_Hall.elf.dir/FWlib/src/stm32f10x_rcc.c.obj
 .debug_info    0x00007116     0x1bfd CMakeFiles/STM32_BLDC_Hall.elf.dir/FWlib/src/stm32f10x_tim.c.obj
 .debug_info    0x00008d13      0x9ed CMakeFiles/STM32_BLDC_Hall.elf.dir/FWlib/src/stm32f10x_usart.c.obj
 .debug_info    0x00009700      0x9d0 CMakeFiles/STM32_BLDC_Hall.elf.dir/main.c.obj
 .debug_info    0x0000a0d0       0x30 CMakeFiles/STM32_BLDC_Hall.elf.dir/startup/startup_stm32f103xb.s.obj
 .debug_info    0x0000a100      0x431 CMakeFiles/STM32_BLDC_Hall.elf.dir/CMSIS/system_stm32f10x.c.obj

.debug_abbrev   0x00000000     0x23f4
 .debug_abbrev  0x00000000      0x20f CMakeFiles/STM32_BLDC_Hall.elf.dir/User_program/ADC_int.c.obj
 .debug_abbrev  0x0000020f      0x14e CMakeFiles/STM32_BLDC_Hall.elf.dir/User_program/BEF_Hall.c.obj
 .debug_abbrev  0x0000035d      0x195 CMakeFiles/STM32_BLDC_Hall.elf.dir/User_program/GPIO_int.c.obj
 .debug_abbrev  0x000004f2      0x140 CMakeFiles/STM32_BLDC_Hall.elf.dir/User_program/IQ_math.c.obj
 .debug_abbrev  0x00000632       0xea CMakeFiles/STM32_BLDC_Hall.elf.dir/User_program/PI_Cale.c.obj
 .debug_abbrev  0x0000071c       0xac CMakeFiles/STM32_BLDC_Hall.elf.dir/User_program/Task_function.c.obj
 .debug_abbrev  0x000007c8      0x15a CMakeFiles/STM32_BLDC_Hall.elf.dir/User_program/Tim1_ISR_MCLoop.c.obj
 .debug_abbrev  0x00000922      0x178 CMakeFiles/STM32_BLDC_Hall.elf.dir/User_program/Tim1_PWM.c.obj
 .debug_abbrev  0x00000a9a      0x129 CMakeFiles/STM32_BLDC_Hall.elf.dir/User_program/Tim4_Encoder_PWMDAC.c.obj
 .debug_abbrev  0x00000bc3      0x289 CMakeFiles/STM32_BLDC_Hall.elf.dir/User_program/Timer.c.obj
 .debug_abbrev  0x00000e4c       0xda CMakeFiles/STM32_BLDC_Hall.elf.dir/User_program/VF_angle.c.obj
 .debug_abbrev  0x00000f26      0x35b CMakeFiles/STM32_BLDC_Hall.elf.dir/User_program/printf_uart.c.obj
 .debug_abbrev  0x00001281      0x18a CMakeFiles/STM32_BLDC_Hall.elf.dir/FWlib/src/misc.c.obj
 .debug_abbrev  0x0000140b      0x1da CMakeFiles/STM32_BLDC_Hall.elf.dir/FWlib/src/stm32f10x_adc.c.obj
 .debug_abbrev  0x000015e5      0x195 CMakeFiles/STM32_BLDC_Hall.elf.dir/FWlib/src/stm32f10x_dma.c.obj
 .debug_abbrev  0x0000177a      0x235 CMakeFiles/STM32_BLDC_Hall.elf.dir/FWlib/src/stm32f10x_gpio.c.obj
 .debug_abbrev  0x000019af       0xd4 CMakeFiles/STM32_BLDC_Hall.elf.dir/FWlib/src/stm32f10x_it.c.obj
 .debug_abbrev  0x00001a83      0x1e1 CMakeFiles/STM32_BLDC_Hall.elf.dir/FWlib/src/stm32f10x_rcc.c.obj
 .debug_abbrev  0x00001c64      0x1fb CMakeFiles/STM32_BLDC_Hall.elf.dir/FWlib/src/stm32f10x_tim.c.obj
 .debug_abbrev  0x00001e5f      0x1bd CMakeFiles/STM32_BLDC_Hall.elf.dir/FWlib/src/stm32f10x_usart.c.obj
 .debug_abbrev  0x0000201c      0x1ff CMakeFiles/STM32_BLDC_Hall.elf.dir/main.c.obj
 .debug_abbrev  0x0000221b       0x24 CMakeFiles/STM32_BLDC_Hall.elf.dir/startup/startup_stm32f103xb.s.obj
 .debug_abbrev  0x0000223f      0x1b5 CMakeFiles/STM32_BLDC_Hall.elf.dir/CMSIS/system_stm32f10x.c.obj

.debug_aranges  0x00000000      0xb00
 .debug_aranges
                0x00000000       0x40 CMakeFiles/STM32_BLDC_Hall.elf.dir/User_program/ADC_int.c.obj
 .debug_aranges
                0x00000040       0x28 CMakeFiles/STM32_BLDC_Hall.elf.dir/User_program/BEF_Hall.c.obj
 .debug_aranges
                0x00000068       0x60 CMakeFiles/STM32_BLDC_Hall.elf.dir/User_program/GPIO_int.c.obj
 .debug_aranges
                0x000000c8       0x38 CMakeFiles/STM32_BLDC_Hall.elf.dir/User_program/IQ_math.c.obj
 .debug_aranges
                0x00000100       0x28 CMakeFiles/STM32_BLDC_Hall.elf.dir/User_program/PI_Cale.c.obj
 .debug_aranges
                0x00000128       0x20 CMakeFiles/STM32_BLDC_Hall.elf.dir/User_program/Task_function.c.obj
 .debug_aranges
                0x00000148       0x20 CMakeFiles/STM32_BLDC_Hall.elf.dir/User_program/Tim1_ISR_MCLoop.c.obj
 .debug_aranges
                0x00000168       0x58 CMakeFiles/STM32_BLDC_Hall.elf.dir/User_program/Tim1_PWM.c.obj
 .debug_aranges
                0x000001c0       0x20 CMakeFiles/STM32_BLDC_Hall.elf.dir/User_program/Tim4_Encoder_PWMDAC.c.obj
 .debug_aranges
                0x000001e0       0x50 CMakeFiles/STM32_BLDC_Hall.elf.dir/User_program/Timer.c.obj
 .debug_aranges
                0x00000230       0x28 CMakeFiles/STM32_BLDC_Hall.elf.dir/User_program/VF_angle.c.obj
 .debug_aranges
                0x00000258       0x60 CMakeFiles/STM32_BLDC_Hall.elf.dir/User_program/printf_uart.c.obj
 .debug_aranges
                0x000002b8       0x40 CMakeFiles/STM32_BLDC_Hall.elf.dir/FWlib/src/misc.c.obj
 .debug_aranges
                0x000002f8      0x138 CMakeFiles/STM32_BLDC_Hall.elf.dir/FWlib/src/stm32f10x_adc.c.obj
 .debug_aranges
                0x00000430       0x70 CMakeFiles/STM32_BLDC_Hall.elf.dir/FWlib/src/stm32f10x_dma.c.obj
 .debug_aranges
                0x000004a0       0xa8 CMakeFiles/STM32_BLDC_Hall.elf.dir/FWlib/src/stm32f10x_gpio.c.obj
 .debug_aranges
                0x00000548       0x20 CMakeFiles/STM32_BLDC_Hall.elf.dir/FWlib/src/stm32f10x_it.c.obj
 .debug_aranges
                0x00000568      0x118 CMakeFiles/STM32_BLDC_Hall.elf.dir/FWlib/src/stm32f10x_rcc.c.obj
 .debug_aranges
                0x00000680      0x2f0 CMakeFiles/STM32_BLDC_Hall.elf.dir/FWlib/src/stm32f10x_tim.c.obj
 .debug_aranges
                0x00000970      0x100 CMakeFiles/STM32_BLDC_Hall.elf.dir/FWlib/src/stm32f10x_usart.c.obj
 .debug_aranges
                0x00000a70       0x30 CMakeFiles/STM32_BLDC_Hall.elf.dir/main.c.obj
 .debug_aranges
                0x00000aa0       0x28 CMakeFiles/STM32_BLDC_Hall.elf.dir/startup/startup_stm32f103xb.s.obj
 .debug_aranges
                0x00000ac8       0x38 CMakeFiles/STM32_BLDC_Hall.elf.dir/CMSIS/system_stm32f10x.c.obj

.debug_rnglists
                0x00000000      0x80a
 .debug_rnglists
                0x00000000       0x2d CMakeFiles/STM32_BLDC_Hall.elf.dir/User_program/ADC_int.c.obj
 .debug_rnglists
                0x0000002d       0x1a CMakeFiles/STM32_BLDC_Hall.elf.dir/User_program/BEF_Hall.c.obj
 .debug_rnglists
                0x00000047       0x43 CMakeFiles/STM32_BLDC_Hall.elf.dir/User_program/GPIO_int.c.obj
 .debug_rnglists
                0x0000008a       0x28 CMakeFiles/STM32_BLDC_Hall.elf.dir/User_program/IQ_math.c.obj
 .debug_rnglists
                0x000000b2       0x1a CMakeFiles/STM32_BLDC_Hall.elf.dir/User_program/PI_Cale.c.obj
 .debug_rnglists
                0x000000cc       0x14 CMakeFiles/STM32_BLDC_Hall.elf.dir/User_program/Task_function.c.obj
 .debug_rnglists
                0x000000e0       0x14 CMakeFiles/STM32_BLDC_Hall.elf.dir/User_program/Tim1_ISR_MCLoop.c.obj
 .debug_rnglists
                0x000000f4       0x3e CMakeFiles/STM32_BLDC_Hall.elf.dir/User_program/Tim1_PWM.c.obj
 .debug_rnglists
                0x00000132       0x14 CMakeFiles/STM32_BLDC_Hall.elf.dir/User_program/Tim4_Encoder_PWMDAC.c.obj
 .debug_rnglists
                0x00000146       0x39 CMakeFiles/STM32_BLDC_Hall.elf.dir/User_program/Timer.c.obj
 .debug_rnglists
                0x0000017f       0x1b CMakeFiles/STM32_BLDC_Hall.elf.dir/User_program/VF_angle.c.obj
 .debug_rnglists
                0x0000019a       0x51 CMakeFiles/STM32_BLDC_Hall.elf.dir/User_program/printf_uart.c.obj
 .debug_rnglists
                0x000001eb       0x2c CMakeFiles/STM32_BLDC_Hall.elf.dir/FWlib/src/misc.c.obj
 .debug_rnglists
                0x00000217       0xe8 CMakeFiles/STM32_BLDC_Hall.elf.dir/FWlib/src/stm32f10x_adc.c.obj
 .debug_rnglists
                0x000002ff       0x50 CMakeFiles/STM32_BLDC_Hall.elf.dir/FWlib/src/stm32f10x_dma.c.obj
 .debug_rnglists
                0x0000034f       0x7d CMakeFiles/STM32_BLDC_Hall.elf.dir/FWlib/src/stm32f10x_gpio.c.obj
 .debug_rnglists
                0x000003cc       0x13 CMakeFiles/STM32_BLDC_Hall.elf.dir/FWlib/src/stm32f10x_it.c.obj
 .debug_rnglists
                0x000003df       0xce CMakeFiles/STM32_BLDC_Hall.elf.dir/FWlib/src/stm32f10x_rcc.c.obj
 .debug_rnglists
                0x000004ad      0x23d CMakeFiles/STM32_BLDC_Hall.elf.dir/FWlib/src/stm32f10x_tim.c.obj
 .debug_rnglists
                0x000006ea       0xbf CMakeFiles/STM32_BLDC_Hall.elf.dir/FWlib/src/stm32f10x_usart.c.obj
 .debug_rnglists
                0x000007a9       0x21 CMakeFiles/STM32_BLDC_Hall.elf.dir/main.c.obj
 .debug_rnglists
                0x000007ca       0x19 CMakeFiles/STM32_BLDC_Hall.elf.dir/startup/startup_stm32f103xb.s.obj
 .debug_rnglists
                0x000007e3       0x27 CMakeFiles/STM32_BLDC_Hall.elf.dir/CMSIS/system_stm32f10x.c.obj

.debug_line     0x00000000     0x6a57
 .debug_line    0x00000000      0x3e1 CMakeFiles/STM32_BLDC_Hall.elf.dir/User_program/ADC_int.c.obj
 .debug_line    0x000003e1      0x388 CMakeFiles/STM32_BLDC_Hall.elf.dir/User_program/BEF_Hall.c.obj
 .debug_line    0x00000769      0x35a CMakeFiles/STM32_BLDC_Hall.elf.dir/User_program/GPIO_int.c.obj
 .debug_line    0x00000ac3      0x41d CMakeFiles/STM32_BLDC_Hall.elf.dir/User_program/IQ_math.c.obj
 .debug_line    0x00000ee0      0x22d CMakeFiles/STM32_BLDC_Hall.elf.dir/User_program/PI_Cale.c.obj
 .debug_line    0x0000110d      0x24f CMakeFiles/STM32_BLDC_Hall.elf.dir/User_program/Task_function.c.obj
 .debug_line    0x0000135c      0x2ed CMakeFiles/STM32_BLDC_Hall.elf.dir/User_program/Tim1_ISR_MCLoop.c.obj
 .debug_line    0x00001649      0x357 CMakeFiles/STM32_BLDC_Hall.elf.dir/User_program/Tim1_PWM.c.obj
 .debug_line    0x000019a0      0x28b CMakeFiles/STM32_BLDC_Hall.elf.dir/User_program/Tim4_Encoder_PWMDAC.c.obj
 .debug_line    0x00001c2b      0x555 CMakeFiles/STM32_BLDC_Hall.elf.dir/User_program/Timer.c.obj
 .debug_line    0x00002180      0x35b CMakeFiles/STM32_BLDC_Hall.elf.dir/User_program/VF_angle.c.obj
 .debug_line    0x000024db      0x514 CMakeFiles/STM32_BLDC_Hall.elf.dir/User_program/printf_uart.c.obj
 .debug_line    0x000029ef      0x30d CMakeFiles/STM32_BLDC_Hall.elf.dir/FWlib/src/misc.c.obj
 .debug_line    0x00002cfc      0x87e CMakeFiles/STM32_BLDC_Hall.elf.dir/FWlib/src/stm32f10x_adc.c.obj
 .debug_line    0x0000357a      0x46e CMakeFiles/STM32_BLDC_Hall.elf.dir/FWlib/src/stm32f10x_dma.c.obj
 .debug_line    0x000039e8      0x5be CMakeFiles/STM32_BLDC_Hall.elf.dir/FWlib/src/stm32f10x_gpio.c.obj
 .debug_line    0x00003fa6      0x228 CMakeFiles/STM32_BLDC_Hall.elf.dir/FWlib/src/stm32f10x_it.c.obj
 .debug_line    0x000041ce      0x77a CMakeFiles/STM32_BLDC_Hall.elf.dir/FWlib/src/stm32f10x_rcc.c.obj
 .debug_line    0x00004948     0x125d CMakeFiles/STM32_BLDC_Hall.elf.dir/FWlib/src/stm32f10x_tim.c.obj
 .debug_line    0x00005ba5      0x74e CMakeFiles/STM32_BLDC_Hall.elf.dir/FWlib/src/stm32f10x_usart.c.obj
 .debug_line    0x000062f3      0x3ba CMakeFiles/STM32_BLDC_Hall.elf.dir/main.c.obj
 .debug_line    0x000066ad       0x79 CMakeFiles/STM32_BLDC_Hall.elf.dir/startup/startup_stm32f103xb.s.obj
 .debug_line    0x00006726      0x331 CMakeFiles/STM32_BLDC_Hall.elf.dir/CMSIS/system_stm32f10x.c.obj

.debug_str      0x00000000     0x394a
 .debug_str     0x00000000     0x394a CMakeFiles/STM32_BLDC_Hall.elf.dir/User_program/ADC_int.c.obj
                                0x734 (size before relaxing)
 .debug_str     0x0000394a      0x404 CMakeFiles/STM32_BLDC_Hall.elf.dir/User_program/BEF_Hall.c.obj
 .debug_str     0x0000394a      0x425 CMakeFiles/STM32_BLDC_Hall.elf.dir/User_program/GPIO_int.c.obj
 .debug_str     0x0000394a      0x2e0 CMakeFiles/STM32_BLDC_Hall.elf.dir/User_program/IQ_math.c.obj
 .debug_str     0x0000394a      0x23c CMakeFiles/STM32_BLDC_Hall.elf.dir/User_program/PI_Cale.c.obj
 .debug_str     0x0000394a      0x372 CMakeFiles/STM32_BLDC_Hall.elf.dir/User_program/Task_function.c.obj
 .debug_str     0x0000394a      0x81f CMakeFiles/STM32_BLDC_Hall.elf.dir/User_program/Tim1_ISR_MCLoop.c.obj
 .debug_str     0x0000394a      0xa1e CMakeFiles/STM32_BLDC_Hall.elf.dir/User_program/Tim1_PWM.c.obj
 .debug_str     0x0000394a      0x55d CMakeFiles/STM32_BLDC_Hall.elf.dir/User_program/Tim4_Encoder_PWMDAC.c.obj
 .debug_str     0x0000394a      0xaa9 CMakeFiles/STM32_BLDC_Hall.elf.dir/User_program/Timer.c.obj
 .debug_str     0x0000394a      0x37c CMakeFiles/STM32_BLDC_Hall.elf.dir/User_program/VF_angle.c.obj
 .debug_str     0x0000394a      0xc37 CMakeFiles/STM32_BLDC_Hall.elf.dir/User_program/printf_uart.c.obj
 .debug_str     0x0000394a      0x435 CMakeFiles/STM32_BLDC_Hall.elf.dir/FWlib/src/misc.c.obj
 .debug_str     0x0000394a      0x78f CMakeFiles/STM32_BLDC_Hall.elf.dir/FWlib/src/stm32f10x_adc.c.obj
 .debug_str     0x0000394a      0x434 CMakeFiles/STM32_BLDC_Hall.elf.dir/FWlib/src/stm32f10x_dma.c.obj
 .debug_str     0x0000394a      0x5ad CMakeFiles/STM32_BLDC_Hall.elf.dir/FWlib/src/stm32f10x_gpio.c.obj
 .debug_str     0x0000394a      0x351 CMakeFiles/STM32_BLDC_Hall.elf.dir/FWlib/src/stm32f10x_it.c.obj
 .debug_str     0x0000394a      0x697 CMakeFiles/STM32_BLDC_Hall.elf.dir/FWlib/src/stm32f10x_rcc.c.obj